../Core/Src/mpu6050.c:41:6:KalmanFilter_Init	40	static
../Core/Src/mpu6050.c:55:8:KalmanFilter_Update	48	static
../Core/Src/mpu6050.c:72:6:MPU6050_Init	8	static
../Core/Src/mpu6050.c:84:13:init_delay	16	static
../Core/Src/mpu6050.c:93:13:power_management_config	24	static
../Core/Src/mpu6050.c:112:13:gyro_config	24	static
../Core/Src/mpu6050.c:130:13:accelerometer_config	24	static
../Core/Src/mpu6050.c:148:6:MPU6050_Read_Accel	40	static
../Core/Src/mpu6050.c:169:6:MPU6050_Read_Gyro	40	static
../Core/Src/mpu6050.c:190:6:MPU6050_Read_Temp	40	static
../Core/Src/mpu6050.c:206:6:MPU6050_Read_All	48	static
../Core/Src/mpu6050.c:244:6:filter_gyro_data	16	static
../Core/Src/mpu6050.c:266:6:read_gyro_data	24	static
