../Core/Src/mpu6050.c:50:6:MPU6050_Init	8	static
../Core/Src/mpu6050.c:62:13:init_delay	16	static
../Core/Src/mpu6050.c:71:6:power_management_config	24	static
../Core/Src/mpu6050.c:90:13:gyro_config	24	static
../Core/Src/mpu6050.c:108:13:accelerometer_config	24	static
../Core/Src/mpu6050.c:127:6:MPU6050_Read_Accel	40	static
../Core/Src/mpu6050.c:148:6:MPU6050_Read_Gyro	40	static
../Core/Src/mpu6050.c:169:6:MPU6050_Read_Temp	40	static
../Core/Src/mpu6050.c:185:6:MPU6050_Read_All	112	static
../Core/Src/mpu6050.c:248:8:Kalman_getAngle	104	static
