../GC9A01A/GC9A01A.c:62:13:gc9a01a_write_cmd	16	static
../GC9A01A/GC9A01A.c:71:13:gc9a01a_write_data	16	static
../GC9A01A/GC9A01A.c:77:6:gc9a01a_set_orientation	24	static
../GC9A01A/GC9A01A.c:117:6:gc9a01a_send_cmd_mem_write	8	static
../GC9A01A/GC9A01A.c:123:6:gc9a01a_set_display_area	24	static
../GC9A01A/GC9A01A.c:144:6:gc9a01a_config	24	static
../GC9A01A/GC9A01A.c:228:6:gc9a01a_config2	24	static
../GC9A01A/GC9A01A.c:609:6:gc9a01a_sw_reset	4	static
../GC9A01A/GC9A01A.c:613:6:gc9a01a_hw_reset	8	static
../GC9A01A/GC9A01A.c:630:6:bsp_lcd_fill_rect	64	static
../GC9A01A/GC9A01A.c:667:6:bsp_lcd_set_background_color	24	static
../GC9A01A/GC9A01A.c:672:6:bsp_lcd_fill_image	56	static
../GC9A01A/GC9A01A.c:708:17:copy_to_draw_buffer2	40	static
../GC9A01A/GC9A01A.c:734:13:gc9a01a_set_address_window	32	static
../GC9A01A/GC9A01A.c:753:13:gc9a01a_write_char	40	static
../GC9A01A/GC9A01A.c:772:6:gc9a01a_write_string	32	static
../GC9A01A/GC9A01A.c:798:6:bsp_lcd_send_cmd_mem_write	8	static
../GC9A01A/GC9A01A.c:804:6:bsp_lcd_write	24	static
../GC9A01A/GC9A01A.c:829:17:get_total_bytes	32	static
../GC9A01A/GC9A01A.c:838:13:make_area	32	static
../GC9A01A/GC9A01A.c:856:17:bytes_to_pixels	16	static
../GC9A01A/GC9A01A.c:863:17:pixels_to_bytes	16	static
../GC9A01A/GC9A01A.c:869:17:copy_to_draw_buffer	40	static
../GC9A01A/GC9A01A.c:894:17:get_buff	24	static
../GC9A01A/GC9A01A.c:912:17:convert_rgb888_to_rgb565	24	static
../GC9A01A/GC9A01A.c:921:13:lcd_flush	16	static
../GC9A01A/GC9A01A.c:930:16:is_lcd_write_allowed	16	static
