Archive member included to satisfy reference by file (symbol)

C:/ST/STM32CubeIDE_1.19.0/STM32CubeIDE/plugins/com.st.stm32cube.ide.mcu.externaltools.gnu-tools-for-stm32.13.3.rel1.win32_1.0.0.202411081344/tools/bin/../lib/gcc/arm-none-eabi/13.3.1/../../../../arm-none-eabi/lib/thumb/v7e-m+fp/hard\libc_nano.a(libc_a-exit.o)
                              C:/ST/STM32CubeIDE_1.19.0/STM32CubeIDE/plugins/com.st.stm32cube.ide.mcu.externaltools.gnu-tools-for-stm32.13.3.rel1.win32_1.0.0.202411081344/tools/bin/../lib/gcc/arm-none-eabi/13.3.1/../../../../arm-none-eabi/lib/thumb/v7e-m+fp/hard/crt0.o (exit)
C:/ST/STM32CubeIDE_1.19.0/STM32CubeIDE/plugins/com.st.stm32cube.ide.mcu.externaltools.gnu-tools-for-stm32.13.3.rel1.win32_1.0.0.202411081344/tools/bin/../lib/gcc/arm-none-eabi/13.3.1/../../../../arm-none-eabi/lib/thumb/v7e-m+fp/hard\libc_nano.a(libc_a-malloc.o)
                              ./Core/drivers/imu/mpu6050.o (malloc)
C:/ST/STM32CubeIDE_1.19.0/STM32CubeIDE/plugins/com.st.stm32cube.ide.mcu.externaltools.gnu-tools-for-stm32.13.3.rel1.win32_1.0.0.202411081344/tools/bin/../lib/gcc/arm-none-eabi/13.3.1/../../../../arm-none-eabi/lib/thumb/v7e-m+fp/hard\libc_nano.a(libc_a-mallocr.o)
                              C:/ST/STM32CubeIDE_1.19.0/STM32CubeIDE/plugins/com.st.stm32cube.ide.mcu.externaltools.gnu-tools-for-stm32.13.3.rel1.win32_1.0.0.202411081344/tools/bin/../lib/gcc/arm-none-eabi/13.3.1/../../../../arm-none-eabi/lib/thumb/v7e-m+fp/hard\libc_nano.a(libc_a-malloc.o) (_malloc_r)
C:/ST/STM32CubeIDE_1.19.0/STM32CubeIDE/plugins/com.st.stm32cube.ide.mcu.externaltools.gnu-tools-for-stm32.13.3.rel1.win32_1.0.0.202411081344/tools/bin/../lib/gcc/arm-none-eabi/13.3.1/../../../../arm-none-eabi/lib/thumb/v7e-m+fp/hard\libc_nano.a(libc_a-mlock.o)
                              C:/ST/STM32CubeIDE_1.19.0/STM32CubeIDE/plugins/com.st.stm32cube.ide.mcu.externaltools.gnu-tools-for-stm32.13.3.rel1.win32_1.0.0.202411081344/tools/bin/../lib/gcc/arm-none-eabi/13.3.1/../../../../arm-none-eabi/lib/thumb/v7e-m+fp/hard\libc_nano.a(libc_a-mallocr.o) (__malloc_lock)
C:/ST/STM32CubeIDE_1.19.0/STM32CubeIDE/plugins/com.st.stm32cube.ide.mcu.externaltools.gnu-tools-for-stm32.13.3.rel1.win32_1.0.0.202411081344/tools/bin/../lib/gcc/arm-none-eabi/13.3.1/../../../../arm-none-eabi/lib/thumb/v7e-m+fp/hard\libc_nano.a(libc_a-findfp.o)
                              C:/ST/STM32CubeIDE_1.19.0/STM32CubeIDE/plugins/com.st.stm32cube.ide.mcu.externaltools.gnu-tools-for-stm32.13.3.rel1.win32_1.0.0.202411081344/tools/bin/../lib/gcc/arm-none-eabi/13.3.1/../../../../arm-none-eabi/lib/thumb/v7e-m+fp/hard\libc_nano.a(libc_a-exit.o) (__stdio_exit_handler)
C:/ST/STM32CubeIDE_1.19.0/STM32CubeIDE/plugins/com.st.stm32cube.ide.mcu.externaltools.gnu-tools-for-stm32.13.3.rel1.win32_1.0.0.202411081344/tools/bin/../lib/gcc/arm-none-eabi/13.3.1/../../../../arm-none-eabi/lib/thumb/v7e-m+fp/hard\libc_nano.a(libc_a-fwalk.o)
                              C:/ST/STM32CubeIDE_1.19.0/STM32CubeIDE/plugins/com.st.stm32cube.ide.mcu.externaltools.gnu-tools-for-stm32.13.3.rel1.win32_1.0.0.202411081344/tools/bin/../lib/gcc/arm-none-eabi/13.3.1/../../../../arm-none-eabi/lib/thumb/v7e-m+fp/hard\libc_nano.a(libc_a-findfp.o) (_fwalk_sglue)
C:/ST/STM32CubeIDE_1.19.0/STM32CubeIDE/plugins/com.st.stm32cube.ide.mcu.externaltools.gnu-tools-for-stm32.13.3.rel1.win32_1.0.0.202411081344/tools/bin/../lib/gcc/arm-none-eabi/13.3.1/../../../../arm-none-eabi/lib/thumb/v7e-m+fp/hard\libc_nano.a(libc_a-printf.o)
                              ./Core/Src/CST816S.o (printf)
C:/ST/STM32CubeIDE_1.19.0/STM32CubeIDE/plugins/com.st.stm32cube.ide.mcu.externaltools.gnu-tools-for-stm32.13.3.rel1.win32_1.0.0.202411081344/tools/bin/../lib/gcc/arm-none-eabi/13.3.1/../../../../arm-none-eabi/lib/thumb/v7e-m+fp/hard\libc_nano.a(libc_a-stdio.o)
                              C:/ST/STM32CubeIDE_1.19.0/STM32CubeIDE/plugins/com.st.stm32cube.ide.mcu.externaltools.gnu-tools-for-stm32.13.3.rel1.win32_1.0.0.202411081344/tools/bin/../lib/gcc/arm-none-eabi/13.3.1/../../../../arm-none-eabi/lib/thumb/v7e-m+fp/hard\libc_nano.a(libc_a-findfp.o) (__sread)
C:/ST/STM32CubeIDE_1.19.0/STM32CubeIDE/plugins/com.st.stm32cube.ide.mcu.externaltools.gnu-tools-for-stm32.13.3.rel1.win32_1.0.0.202411081344/tools/bin/../lib/gcc/arm-none-eabi/13.3.1/../../../../arm-none-eabi/lib/thumb/v7e-m+fp/hard\libc_nano.a(libc_a-memset.o)
                              C:/ST/STM32CubeIDE_1.19.0/STM32CubeIDE/plugins/com.st.stm32cube.ide.mcu.externaltools.gnu-tools-for-stm32.13.3.rel1.win32_1.0.0.202411081344/tools/bin/../lib/gcc/arm-none-eabi/13.3.1/../../../../arm-none-eabi/lib/thumb/v7e-m+fp/hard/crt0.o (memset)
C:/ST/STM32CubeIDE_1.19.0/STM32CubeIDE/plugins/com.st.stm32cube.ide.mcu.externaltools.gnu-tools-for-stm32.13.3.rel1.win32_1.0.0.202411081344/tools/bin/../lib/gcc/arm-none-eabi/13.3.1/../../../../arm-none-eabi/lib/thumb/v7e-m+fp/hard\libc_nano.a(libc_a-closer.o)
[...]
Memory Configuration

Name             Origin             Length             Attributes
CCMRAM           0x10000000         0x00002000         xrw
RAM              0x20000000         0x0000a000         xrw
FLASH            0x08000000         0x00040000         xr
*default*        0x00000000         0xffffffff

Linker script and memory map

LOAD C:/ST/STM32CubeIDE_1.19.0/STM32CubeIDE/plugins/com.st.stm32cube.ide.mcu.externaltools.gnu-tools-for-stm32.13.3.rel1.win32_1.0.0.202411081344/tools/bin/../lib/gcc/arm-none-eabi/13.3.1/thumb/v7e-m+fp/hard/crti.o
LOAD C:/ST/STM32CubeIDE_1.19.0/STM32CubeIDE/plugins/com.st.stm32cube.ide.mcu.externaltools.gnu-tools-for-stm32.13.3.rel1.win32_1.0.0.202411081344/tools/bin/../lib/gcc/arm-none-eabi/13.3.1/thumb/v7e-m+fp/hard/crtbegin.o
LOAD C:/ST/STM32CubeIDE_1.19.0/STM32CubeIDE/plugins/com.st.stm32cube.ide.mcu.externaltools.gnu-tools-for-stm32.13.3.rel1.win32_1.0.0.202411081344/tools/bin/../lib/gcc/arm-none-eabi/13.3.1/../../../../arm-none-eabi/lib/thumb/v7e-m+fp/hard/crt0.o
LOAD ./Core/Src/CST816S.o
LOAD ./Core/Src/font.o
LOAD ./Core/Src/main.o
LOAD ./Core/Src/stm32f3xx_hal_msp.o
LOAD ./Core/Src/stm32f3xx_it.o
LOAD ./Core/Src/syscalls.o
LOAD ./Core/Src/sysmem.o
LOAD ./Core/Src/system_stm32f3xx.o
LOAD ./Core/Startup/startup_stm32f303cctx.o
LOAD ./Core/drivers/display/gc9a01a.o
LOAD ./Core/drivers/game/app.o
LOAD ./Core/drivers/game/ball_img.o
LOAD ./Core/drivers/game/game.o
LOAD ./Core/drivers/game/player.o
LOAD ./Core/drivers/game/world.o
LOAD ./Core/drivers/gfx/gfx.o
LOAD ./Core/drivers/imu/mpu6050.o
LOAD ./Drivers/STM32F3xx_HAL_Driver/Src/stm32f3xx_hal.o
LOAD ./Drivers/STM32F3xx_HAL_Driver/Src/stm32f3xx_hal_cortex.o
LOAD ./Drivers/STM32F3xx_HAL_Driver/Src/stm32f3xx_hal_dma.o
LOAD ./Drivers/STM32F3xx_HAL_Driver/Src/stm32f3xx_hal_exti.o
LOAD ./Drivers/STM32F3xx_HAL_Driver/Src/stm32f3xx_hal_flash.o
LOAD ./Drivers/STM32F3xx_HAL_Driver/Src/stm32f3xx_hal_flash_ex.o
LOAD ./Drivers/STM32F3xx_HAL_Driver/Src/stm32f3xx_hal_gpio.o
LOAD ./Drivers/STM32F3xx_HAL_Driver/Src/stm32f3xx_hal_i2c.o
LOAD ./Drivers/STM32F3xx_HAL_Driver/Src/stm32f3xx_hal_i2c_ex.o
LOAD ./Drivers/STM32F3xx_HAL_Driver/Src/stm32f3xx_hal_pwr.o
LOAD ./Drivers/STM32F3xx_HAL_Driver/Src/stm32f3xx_hal_pwr_ex.o
LOAD ./Drivers/STM32F3xx_HAL_Driver/Src/stm32f3xx_hal_rcc.o
LOAD ./Drivers/STM32F3xx_HAL_Driver/Src/stm32f3xx_hal_rcc_ex.o
LOAD ./Drivers/STM32F3xx_HAL_Driver/Src/stm32f3xx_hal_spi.o
LOAD ./Drivers/STM32F3xx_HAL_Driver/Src/stm32f3xx_hal_spi_ex.o
START GROUP
LOAD C:/ST/STM32CubeIDE_1.19.0/STM32CubeIDE/plugins/com.st.stm32cube.ide.mcu.externaltools.gnu-tools-for-stm32.13.3.rel1.win32_1.0.0.202411081344/tools/bin/../lib/gcc/arm-none-eabi/13.3.1/../../../../arm-none-eabi/lib/thumb/v7e-m+fp/hard\libc_nano.a
LOAD C:/ST/STM32CubeIDE_1.19.0/STM32CubeIDE/plugins/com.st.stm32cube.ide.mcu.externaltools.gnu-tools-for-stm32.13.3.rel1.win32_1.0.0.202411081344/tools/bin/../lib/gcc/arm-none-eabi/13.3.1/../../../../arm-none-eabi/lib/thumb/v7e-m+fp/hard\libm.a
END GROUP
START GROUP
LOAD C:/ST/STM32CubeIDE_1.19.0/STM32CubeIDE/plugins/com.st.stm32cube.ide.mcu.externaltools.gnu-tools-for-stm32.13.3.rel1.win32_1.0.0.202411081344/tools/bin/../lib/gcc/arm-none-eabi/13.3.1/thumb/v7e-m+fp/hard\libgcc.a
LOAD C:/ST/STM32CubeIDE_1.19.0/STM32CubeIDE/plugins/com.st.stm32cube.ide.mcu.externaltools.gnu-tools-for-stm32.13.3.rel1.win32_1.0.0.202411081344/tools/bin/../lib/gcc/arm-none-eabi/13.3.1/../../../../arm-none-eabi/lib/thumb/v7e-m+fp/hard\libc_nano.a
END GROUP
START GROUP
LOAD C:/ST/STM32CubeIDE_1.19.0/STM32CubeIDE/plugins/com.st.stm32cube.ide.mcu.externaltools.gnu-tools-for-stm32.13.3.rel1.win32_1.0.0.202411081344/tools/bin/../lib/gcc/arm-none-eabi/13.3.1/thumb/v7e-m+fp/hard\libgcc.a
LOAD C:/ST/STM32CubeIDE_1.19.0/STM32CubeIDE/plugins/com.st.stm32cube.ide.mcu.externaltools.gnu-tools-for-stm32.13.3.rel1.win32_1.0.0.202411081344/tools/bin/../lib/gcc/arm-none-eabi/13.3.1/../../../../arm-none-eabi/lib/thumb/v7e-m+fp/hard\libc_nano.a
LOAD C:/ST/STM32CubeIDE_1.19.0/STM32CubeIDE/plugins/com.st.stm32cube.ide.mcu.externaltools.gnu-tools-for-stm32.13.3.rel1.win32_1.0.0.202411081344/tools/bin/../lib/gcc/arm-none-eabi/13.3.1/../../../../arm-none-eabi/lib/thumb/v7e-m+fp/hard\libnosys.a
END GROUP
START GROUP
LOAD C:/ST/STM32CubeIDE_1.19.0/STM32CubeIDE/plugins/com.st.stm32cube.ide.mcu.externaltools.gnu-tools-for-stm32.13.3.rel1.win32_1.0.0.202411081344/tools/bin/../lib/gcc/arm-none-eabi/13.3.1/thumb/v7e-m+fp/hard\libgcc.a
LOAD C:/ST/STM32CubeIDE_1.19.0/STM32CubeIDE/plugins/com.st.stm32cube.ide.mcu.externaltools.gnu-tools-for-stm32.13.3.rel1.win32_1.0.0.202411081344/tools/bin/../lib/gcc/arm-none-eabi/13.3.1/../../../../arm-none-eabi/lib/thumb/v7e-m+fp/hard\libc_nano.a
LOAD C:/ST/STM32CubeIDE_1.19.0/STM32CubeIDE/plugins/com.st.stm32cube.ide.mcu.externaltools.gnu-tools-for-stm32.13.3.rel1.win32_1.0.0.202411081344/tools/bin/../lib/gcc/arm-none-eabi/13.3.1/../../../../arm-none-eabi/lib/thumb/v7e-m+fp/hard\libnosys.a
END GROUP
LOAD C:/ST/STM32CubeIDE_1.19.0/STM32CubeIDE/plugins/com.st.stm32cube.ide.mcu.externaltools.gnu-tools-for-stm32.13.3.rel1.win32_1.0.0.202411081344/tools/bin/../lib/gcc/arm-none-eabi/13.3.1/thumb/v7e-m+fp/hard/crtend.o
LOAD C:/ST/STM32CubeIDE_1.19.0/STM32CubeIDE/plugins/com.st.stm32cube.ide.mcu.externaltools.gnu-tools-for-stm32.13.3.rel1.win32_1.0.0.202411081344/tools/bin/../lib/gcc/arm-none-eabi/13.3.1/thumb/v7e-m+fp/hard/crtn.o
                0x2000a000                        _estack = (ORIGIN (RAM) + LENGTH (RAM))
                0x00000200                        _Min_Heap_Size = 0x200
                0x00000400                        _Min_Stack_Size = 0x400

.isr_vector     0x08000000      0x188
                0x08000000                        . = ALIGN (0x4)
 *(.isr_vector)
 .isr_vector    0x08000000      0x188 ./Core/Startup/startup_stm32f303cctx.o
                0x08000000                g_pfnVectors
                0x08000188                        . = ALIGN (0x4)

.text           0x08000188     0x545c
                0x08000188                        . = ALIGN (0x4)
 *(.text)
 .text          0x08000188       0x40 C:/ST/STM32CubeIDE_1.19.0/STM32CubeIDE/plugins/com.st.stm32cube.ide.mcu.externaltools.gnu-tools-for-stm32.13.3.rel1.win32_1.0.0.202411081344/tools/bin/../lib/gcc/arm-none-eabi/13.3.1/thumb/v7e-m+fp/hard/crtbegin.o
 *(.text*)
 .text.HAL_GPIO_EXTI_Callback
                0x080001c8       0x28 ./Core/Src/CST816S.o
                0x080001c8                HAL_GPIO_EXTI_Callback
 .text.main     0x080001f0       0x2e ./Core/Src/main.o
                0x080001f0                main
 .text.SystemClock_Config
                0x0800021e       0xb8 ./Core/Src/main.o
                0x0800021e                SystemClock_Config
 *fill*         0x080002d6        0x2 
 .text.MX_I2C1_Init
                0x080002d8       0x80 ./Core/Src/main.o
 .text.MX_SPI1_Init
                0x08000358       0x7c ./Core/Src/main.o
 .text.MX_GPIO_Init
                0x080003d4       0xec ./Core/Src/main.o
 .text.Error_Handler
                0x080004c0        0xc ./Core/Src/main.o
                0x080004c0                Error_Handler
 .text.HAL_MspInit
                0x080004cc       0x48 ./Core/Src/stm32f3xx_hal_msp.o
                0x080004cc                HAL_MspInit
 .text.HAL_I2C_MspInit
                0x08000514       0x88 ./Core/Src/stm32f3xx_hal_msp.o
                0x08000514                HAL_I2C_MspInit
 .text.HAL_SPI_MspInit
                0x0800059c       0x84 ./Core/Src/stm32f3xx_hal_msp.o
                0x0800059c                HAL_SPI_MspInit
 .text.NMI_Handler
                0x08000620        0x8 ./Core/Src/stm32f3xx_it.o
                0x08000620                NMI_Handler
 .text.HardFault_Handler
                0x08000628        0x8 ./Core/Src/stm32f3xx_it.o
                0x08000628                HardFault_Handler
 .text.MemManage_Handler
                0x08000630        0x8 ./Core/Src/stm32f3xx_it.o
                0x08000630                MemManage_Handler
 .text.BusFault_Handler
                0x08000638        0x8 ./Core/Src/stm32f3xx_it.o
                0x08000638                BusFault_Handler
 .text.UsageFault_Handler
                0x08000640        0x8 ./Core/Src/stm32f3xx_it.o
                0x08000640                UsageFault_Handler
 .text.SVC_Handler
                0x08000648        0xe ./Core/Src/stm32f3xx_it.o
                0x08000648                SVC_Handler
 .text.DebugMon_Handler
                0x08000656        0xe ./Core/Src/stm32f3xx_it.o
                0x08000656                DebugMon_Handler
 .text.PendSV_Handler
                0x08000664        0xe ./Core/Src/stm32f3xx_it.o
                0x08000664                PendSV_Handler
 .text.SysTick_Handler
                0x08000672        0xc ./Core/Src/stm32f3xx_it.o
                0x08000672                SysTick_Handler
 .text.EXTI9_5_IRQHandler
                0x0800067e        0xe ./Core/Src/stm32f3xx_it.o
                0x0800067e                EXTI9_5_IRQHandler
 .text._sbrk    0x0800068c       0x6c ./Core/Src/sysmem.o
                0x0800068c                _sbrk
 .text.SystemInit
                0x080006f8       0x24 ./Core/Src/system_stm32f3xx.o
                0x080006f8                SystemInit
 .text.Reset_Handler
                0x0800071c       0x50 ./Core/Startup/startup_stm32f303cctx.o
                0x0800071c                Reset_Handler
 .text.Default_Handler
                0x0800076c        0x2 ./Core/Startup/startup_stm32f303cctx.o
                0x0800076c                RTC_Alarm_IRQHandler
                0x0800076c                TIM8_TRG_COM_IRQHandler
                0x0800076c                TIM8_CC_IRQHandler
                0x0800076c                TIM1_CC_IRQHandler
                0x0800076c                USB_HP_IRQHandler
                0x0800076c                PVD_IRQHandler
                0x0800076c                TAMP_STAMP_IRQHandler
                0x0800076c                EXTI3_IRQHandler
                0x0800076c                USB_HP_CAN_TX_IRQHandler
                0x0800076c                EXTI0_IRQHandler
                0x0800076c                I2C2_EV_IRQHandler
                0x0800076c                FPU_IRQHandler
                0x0800076c                TIM1_UP_TIM16_IRQHandler
                0x0800076c                ADC1_2_IRQHandler
                0x0800076c                SPI1_IRQHandler
                0x0800076c                CAN_SCE_IRQHandler
                0x0800076c                TIM6_DAC_IRQHandler
                0x0800076c                TIM8_UP_IRQHandler
                0x0800076c                DMA2_Channel2_IRQHandler
                0x0800076c                DMA1_Channel4_IRQHandler
                0x0800076c                USART3_IRQHandler
                0x0800076c                DMA1_Channel7_IRQHandler
                0x0800076c                UART5_IRQHandler
                0x0800076c                ADC3_IRQHandler
                0x0800076c                TIM4_IRQHandler
                0x0800076c                CAN_RX1_IRQHandler
                0x0800076c                DMA2_Channel1_IRQHandler
                0x0800076c                I2C1_EV_IRQHandler
                0x0800076c                DMA1_Channel6_IRQHandler
                0x0800076c                UART4_IRQHandler
                0x0800076c                DMA2_Channel4_IRQHandler
                0x0800076c                TIM3_IRQHandler
                0x0800076c                RCC_IRQHandler
                0x0800076c                DMA1_Channel1_IRQHandler
                0x0800076c                Default_Handler
                0x0800076c                USBWakeUp_RMP_IRQHandler
                0x0800076c                EXTI15_10_IRQHandler
                0x0800076c                TIM7_IRQHandler
                0x0800076c                RTC_WKUP_IRQHandler
                0x0800076c                SPI2_IRQHandler
                0x0800076c                USB_LP_CAN_RX0_IRQHandler
                0x0800076c                DMA2_Channel5_IRQHandler
                0x0800076c                DMA1_Channel5_IRQHandler
                0x0800076c                USB_LP_IRQHandler
                0x0800076c                EXTI4_IRQHandler
                0x0800076c                TIM1_TRG_COM_TIM17_IRQHandler
                0x0800076c                DMA1_Channel3_IRQHandler
                0x0800076c                ADC4_IRQHandler
                0x0800076c                WWDG_IRQHandler
                0x0800076c                TIM2_IRQHandler
                0x0800076c                COMP7_IRQHandler
                0x0800076c                COMP1_2_3_IRQHandler
                0x0800076c                EXTI1_IRQHandler
                0x0800076c                USART2_IRQHandler
                0x0800076c                COMP4_5_6_IRQHandler
                0x0800076c                I2C2_ER_IRQHandler
                0x0800076c                DMA1_Channel2_IRQHandler
                0x0800076c                TIM8_BRK_IRQHandler
                0x0800076c                FLASH_IRQHandler
                0x0800076c                USART1_IRQHandler
                0x0800076c                SPI3_IRQHandler
                0x0800076c                I2C1_ER_IRQHandler
                0x0800076c                USBWakeUp_IRQHandler
                0x0800076c                DMA2_Channel3_IRQHandler
                0x0800076c                EXTI2_TSC_IRQHandler
                0x0800076c                TIM1_BRK_TIM15_IRQHandler
 *fill*         0x0800076e        0x2 
 .text.gc9a01a_cs_low_internal
                0x08000770       0x2c ./Core/drivers/display/gc9a01a.o
 .text.gc9a01a_cs_high_internal
                0x0800079c        0xe ./Core/drivers/display/gc9a01a.o
 *fill*         0x080007aa        0x2 
 .text.gc9a01a_dc_command
                0x080007ac       0x1c ./Core/drivers/display/gc9a01a.o
 .text.gc9a01a_dc_data
                0x080007c8       0x18 ./Core/drivers/display/gc9a01a.o
 .text.gc9a01a_begin_transaction
                0x080007e0        0xc ./Core/drivers/display/gc9a01a.o
 .text.gc9a01a_end_transaction
                0x080007ec        0xc ./Core/drivers/display/gc9a01a.o
 .text.gc9a01a_hw_reset
                0x080007f8       0x28 ./Core/drivers/display/gc9a01a.o
 .text.gc9a01a_bus_write_bytes
                0x08000820       0x58 ./Core/drivers/display/gc9a01a.o
 .text.gc9a01a_write_cmd_only
                0x08000878       0x20 ./Core/drivers/display/gc9a01a.o
 .text.gc9a01a_write_data_only
                0x08000898       0x1e ./Core/drivers/display/gc9a01a.o
 *fill*         0x080008b6        0x2 
 .text.gc9a01a_prepare_color_line
                0x080008b8       0x64 ./Core/drivers/display/gc9a01a.o
 .text.gc9a01a_set_address_window_stream
                0x0800091c       0x90 ./Core/drivers/display/gc9a01a.o
 .text.gc9a01a_init_sequence
                0x080009ac      0x3aa ./Core/drivers/display/gc9a01a.o
 *fill*         0x08000d56        0x2 
 .text.bsp_lcd_init
                0x08000d58       0x2c ./Core/drivers/display/gc9a01a.o
                0x08000d58                bsp_lcd_init
 .text.gc9a01a_fill_rect
                0x08000d84       0xc0 ./Core/drivers/display/gc9a01a.o
                0x08000d84                gc9a01a_fill_rect
 .text.gc9a01a_fill_screen
                0x08000e44       0x22 ./Core/drivers/display/gc9a01a.o
                0x08000e44                gc9a01a_fill_screen
 .text.gc9a01a_set_orientation
                0x08000e66       0x70 ./Core/drivers/display/gc9a01a.o
                0x08000e66                gc9a01a_set_orientation
 .text.gc9a01a_draw_image
                0x08000ed6      0x212 ./Core/drivers/display/gc9a01a.o
                0x08000ed6                gc9a01a_draw_image
 .text.gc9a01a_fill_circle
                0x080010e8      0x1f2 ./Core/drivers/display/gc9a01a.o
                0x080010e8                gc9a01a_fill_circle
 .text.app_init
                0x080012da        0xe ./Core/drivers/game/app.o
                0x080012da                app_init
 .text.app_run  0x080012e8       0x50 ./Core/drivers/game/app.o
                0x080012e8                app_run
 .text.game_map_gyro_to_force
                0x08001338       0x64 ./Core/drivers/game/game.o
 .text.game_rand_u32
                0x0800139c       0x30 ./Core/drivers/game/game.o
 .text.game_rand_range
                0x080013cc       0x44 ./Core/drivers/game/game.o
 .text.game_rand_colour
                0x08001410       0x1c ./Core/drivers/game/game.o
 .text.game_get_player_draw_x
                0x0800142c       0x48 ./Core/drivers/game/game.o
 .text.game_get_player_draw_y
                0x08001474       0x48 ./Core/drivers/game/game.o
 .text.game_rect_overlap
                0x080014bc       0x6a ./Core/drivers/game/game.o
 .text.game_draw_background
                0x08001526      0x29c ./Core/drivers/game/game.o
 *fill*         0x080017c2        0x2 
 .text.game_draw_random_paint
                0x080017c4      0x118 ./Core/drivers/game/game.o
 .text.game_init
                0x080018dc       0xec ./Core/drivers/game/game.o
                0x080018dc                game_init
 .text.game_update
                0x080019c8       0xac ./Core/drivers/game/game.o
                0x080019c8                game_update
 .text.game_render
                0x08001a74       0xac ./Core/drivers/game/game.o
                0x08001a74                game_render
 .text.clampf   0x08001b20       0x52 ./Core/drivers/game/player.o
 .text.player_init
                0x08001b72       0x58 ./Core/drivers/game/player.o
                0x08001b72                player_init
 *fill*         0x08001bca        0x2 
 .text.player_update
                0x08001bcc      0x124 ./Core/drivers/game/player.o
                0x08001bcc                player_update
 .text.player_bounce_in_round_world
                0x08001cf0      0x198 ./Core/drivers/game/player.o
                0x08001cf0                player_bounce_in_round_world
 .text.world_init
                0x08001e88       0x90 ./Core/drivers/game/world.o
                0x08001e88                world_init
 .text.mpu6050_create
                0x08001f18       0x38 ./Core/drivers/imu/mpu6050.o
                0x08001f18                mpu6050_create
 .text.mpu6050_init
                0x08001f50       0xa0 ./Core/drivers/imu/mpu6050.o
                0x08001f50                mpu6050_init
 .text.mpu6050_calibrate
                0x08001ff0       0xd0 ./Core/drivers/imu/mpu6050.o
                0x08001ff0                mpu6050_calibrate
 .text.mpu6050_read_accel
                0x080020c0       0xba ./Core/drivers/imu/mpu6050.o
                0x080020c0                mpu6050_read_accel
 .text.mpu6050_read_gyro
                0x0800217a       0x82 ./Core/drivers/imu/mpu6050.o
                0x0800217a                mpu6050_read_gyro
 .text.mpu6050_write_reg
                0x080021fc       0x58 ./Core/drivers/imu/mpu6050.o
 .text.mpu6050_read_regs
                0x08002254       0x68 ./Core/drivers/imu/mpu6050.o
 .text.HAL_Init
                0x080022bc       0x2c ./Drivers/STM32F3xx_HAL_Driver/Src/stm32f3xx_hal.o
                0x080022bc                HAL_Init
 .text.HAL_InitTick
                0x080022e8       0x60 ./Drivers/STM32F3xx_HAL_Driver/Src/stm32f3xx_hal.o
                0x080022e8                HAL_InitTick
 .text.HAL_IncTick
                0x08002348       0x28 ./Drivers/STM32F3xx_HAL_Driver/Src/stm32f3xx_hal.o
                0x08002348                HAL_IncTick
 .text.HAL_GetTick
                0x08002370       0x18 ./Drivers/STM32F3xx_HAL_Driver/Src/stm32f3xx_hal.o
                0x08002370                HAL_GetTick
 .text.HAL_Delay
                0x08002388       0x48 ./Drivers/STM32F3xx_HAL_Driver/Src/stm32f3xx_hal.o
                0x08002388                HAL_Delay
 .text.__NVIC_SetPriorityGrouping
                0x080023d0       0x48 ./Drivers/STM32F3xx_HAL_Driver/Src/stm32f3xx_hal_cortex.o
 .text.__NVIC_GetPriorityGrouping
                0x08002418       0x1c ./Drivers/STM32F3xx_HAL_Driver/Src/stm32f3xx_hal_cortex.o
 .text.__NVIC_EnableIRQ
                0x08002434       0x3c ./Drivers/STM32F3xx_HAL_Driver/Src/stm32f3xx_hal_cortex.o
 .text.__NVIC_SetPriority
                0x08002470       0x54 ./Drivers/STM32F3xx_HAL_Driver/Src/stm32f3xx_hal_cortex.o
 .text.NVIC_EncodePriority
                0x080024c4       0x66 ./Drivers/STM32F3xx_HAL_Driver/Src/stm32f3xx_hal_cortex.o
 *fill*         0x0800252a        0x2 
 .text.SysTick_Config
                0x0800252c       0x44 ./Drivers/STM32F3xx_HAL_Driver/Src/stm32f3xx_hal_cortex.o
 .text.HAL_NVIC_SetPriorityGrouping
                0x08002570       0x16 ./Drivers/STM32F3xx_HAL_Driver/Src/stm32f3xx_hal_cortex.o
                0x08002570                HAL_NVIC_SetPriorityGrouping
 .text.HAL_NVIC_SetPriority
                0x08002586       0x38 ./Drivers/STM32F3xx_HAL_Driver/Src/stm32f3xx_hal_cortex.o
                0x08002586                HAL_NVIC_SetPriority
 .text.HAL_NVIC_EnableIRQ
                0x080025be       0x1c ./Drivers/STM32F3xx_HAL_Driver/Src/stm32f3xx_hal_cortex.o
                0x080025be                HAL_NVIC_EnableIRQ
 .text.HAL_SYSTICK_Config
                0x080025da       0x18 ./Drivers/STM32F3xx_HAL_Driver/Src/stm32f3xx_hal_cortex.o
                0x080025da                HAL_SYSTICK_Config
 *fill*         0x080025f2        0x2 
 .text.HAL_GPIO_Init
                0x080025f4      0x2f4 ./Drivers/STM32F3xx_HAL_Driver/Src/stm32f3xx_hal_gpio.o
                0x080025f4                HAL_GPIO_Init
 .text.HAL_GPIO_WritePin
                0x080028e8       0x30 ./Drivers/STM32F3xx_HAL_Driver/Src/stm32f3xx_hal_gpio.o
                0x080028e8                HAL_GPIO_WritePin
 .text.HAL_GPIO_EXTI_IRQHandler
                0x08002918       0x30 ./Drivers/STM32F3xx_HAL_Driver/Src/stm32f3xx_hal_gpio.o
                0x08002918                HAL_GPIO_EXTI_IRQHandler
 .text.HAL_I2C_Init
                0x08002948      0x136 ./Drivers/STM32F3xx_HAL_Driver/Src/stm32f3xx_hal_i2c.o
                0x08002948                HAL_I2C_Init
 *fill*         0x08002a7e        0x2 
 .text.HAL_I2C_Mem_Write
                0x08002a80      0x228 ./Drivers/STM32F3xx_HAL_Driver/Src/stm32f3xx_hal_i2c.o
                0x08002a80                HAL_I2C_Mem_Write
 .text.HAL_I2C_Mem_Read
                0x08002ca8      0x234 ./Drivers/STM32F3xx_HAL_Driver/Src/stm32f3xx_hal_i2c.o
                0x08002ca8                HAL_I2C_Mem_Read
 .text.I2C_RequestMemoryWrite
                0x08002edc       0xa8 ./Drivers/STM32F3xx_HAL_Driver/Src/stm32f3xx_hal_i2c.o
 .text.I2C_RequestMemoryRead
                0x08002f84       0xa8 ./Drivers/STM32F3xx_HAL_Driver/Src/stm32f3xx_hal_i2c.o
 .text.I2C_Flush_TXDR
                0x0800302c       0x48 ./Drivers/STM32F3xx_HAL_Driver/Src/stm32f3xx_hal_i2c.o
 .text.I2C_WaitOnFlagUntilTimeout
                0x08003074       0xb2 ./Drivers/STM32F3xx_HAL_Driver/Src/stm32f3xx_hal_i2c.o
 .text.I2C_WaitOnTXISFlagUntilTimeout
                0x08003126       0x8e ./Drivers/STM32F3xx_HAL_Driver/Src/stm32f3xx_hal_i2c.o
 .text.I2C_WaitOnSTOPFlagUntilTimeout
                0x080031b4       0x86 ./Drivers/STM32F3xx_HAL_Driver/Src/stm32f3xx_hal_i2c.o
 *fill*         0x0800323a        0x2 
 .text.I2C_IsErrorOccurred
                0x0800323c      0x1c0 ./Drivers/STM32F3xx_HAL_Driver/Src/stm32f3xx_hal_i2c.o
 .text.I2C_TransferConfig
                0x080033fc       0x64 ./Drivers/STM32F3xx_HAL_Driver/Src/stm32f3xx_hal_i2c.o
 .text.HAL_I2CEx_ConfigAnalogFilter
                0x08003460       0x96 ./Drivers/STM32F3xx_HAL_Driver/Src/stm32f3xx_hal_i2c_ex.o
                0x08003460                HAL_I2CEx_ConfigAnalogFilter
 .text.HAL_I2CEx_ConfigDigitalFilter
                0x080034f6       0x98 ./Drivers/STM32F3xx_HAL_Driver/Src/stm32f3xx_hal_i2c_ex.o
                0x080034f6                HAL_I2CEx_ConfigDigitalFilter
 *fill*         0x0800358e        0x2 
 .text.HAL_RCC_OscConfig
                0x08003590     0x101c ./Drivers/STM32F3xx_HAL_Driver/Src/stm32f3xx_hal_rcc.o
                0x08003590                HAL_RCC_OscConfig
 .text.HAL_RCC_ClockConfig
                0x080045ac      0x2dc ./Drivers/STM32F3xx_HAL_Driver/Src/stm32f3xx_hal_rcc.o
                0x080045ac                HAL_RCC_ClockConfig
 .text.HAL_RCC_GetSysClockFreq
                0x08004888       0xa8 ./Drivers/STM32F3xx_HAL_Driver/Src/stm32f3xx_hal_rcc.o
                0x08004888                HAL_RCC_GetSysClockFreq
 .text.HAL_RCCEx_PeriphCLKConfig
                0x08004930      0x35c ./Drivers/STM32F3xx_HAL_Driver/Src/stm32f3xx_hal_rcc_ex.o
                0x08004930                HAL_RCCEx_PeriphCLKConfig
 .text.HAL_SPI_Init
                0x08004c8c      0x156 ./Drivers/STM32F3xx_HAL_Driver/Src/stm32f3xx_hal_spi.o
                0x08004c8c                HAL_SPI_Init
 .text.HAL_SPI_Transmit
                0x08004de2      0x2ea ./Drivers/STM32F3xx_HAL_Driver/Src/stm32f3xx_hal_spi.o
                0x08004de2                HAL_SPI_Transmit
 .text.SPI_WaitFlagStateUntilTimeout
                0x080050cc      0x110 ./Drivers/STM32F3xx_HAL_Driver/Src/stm32f3xx_hal_spi.o
 .text.SPI_WaitFifoStateUntilTimeout
                0x080051dc      0x12c ./Drivers/STM32F3xx_HAL_Driver/Src/stm32f3xx_hal_spi.o
 .text.SPI_EndRxTxTransaction
                0x08005308       0x8c ./Drivers/STM32F3xx_HAL_Driver/Src/stm32f3xx_hal_spi.o
 .text.malloc   0x08005394       0x10 C:/ST/STM32CubeIDE_1.19.0/STM32CubeIDE/plugins/com.st.stm32cube.ide.mcu.externaltools.gnu-tools-for-stm32.13.3.rel1.win32_1.0.0.202411081344/tools/bin/../lib/gcc/arm-none-eabi/13.3.1/../../../../arm-none-eabi/lib/thumb/v7e-m+fp/hard\libc_nano.a(libc_a-malloc.o)
                0x08005394                malloc
 .text.sbrk_aligned
                0x080053a4       0x44 C:/ST/STM32CubeIDE_1.19.0/STM32CubeIDE/plugins/com.st.stm32cube.ide.mcu.externaltools.gnu-tools-for-stm32.13.3.rel1.win32_1.0.0.202411081344/tools/bin/../lib/gcc/arm-none-eabi/13.3.1/../../../../arm-none-eabi/lib/thumb/v7e-m+fp/hard\libc_nano.a(libc_a-mallocr.o)
 .text._malloc_r
                0x080053e8      0x100 C:/ST/STM32CubeIDE_1.19.0/STM32CubeIDE/plugins/com.st.stm32cube.ide.mcu.externaltools.gnu-tools-for-stm32.13.3.rel1.win32_1.0.0.202411081344/tools/bin/../lib/gcc/arm-none-eabi/13.3.1/../../../../arm-none-eabi/lib/thumb/v7e-m+fp/hard\libc_nano.a(libc_a-mallocr.o)
                0x080053e8                _malloc_r
 .text.__malloc_lock
                0x080054e8        0xc C:/ST/STM32CubeIDE_1.19.0/STM32CubeIDE/plugins/com.st.stm32cube.ide.mcu.externaltools.gnu-tools-for-stm32.13.3.rel1.win32_1.0.0.202411081344/tools/bin/../lib/gcc/arm-none-eabi/13.3.1/../../../../arm-none-eabi/lib/thumb/v7e-m+fp/hard\libc_nano.a(libc_a-mlock.o)
                0x080054e8                __malloc_lock
 .text.__malloc_unlock
                0x080054f4        0xc C:/ST/STM32CubeIDE_1.19.0/STM32CubeIDE/plugins/com.st.stm32cube.ide.mcu.externaltools.gnu-tools-for-stm32.13.3.rel1.win32_1.0.0.202411081344/tools/bin/../lib/gcc/arm-none-eabi/13.3.1/../../../../arm-none-eabi/lib/thumb/v7e-m+fp/hard\libc_nano.a(libc_a-mlock.o)
                0x080054f4                __malloc_unlock
 .text.memset   0x08005500       0x10 C:/ST/STM32CubeIDE_1.19.0/STM32CubeIDE/plugins/com.st.stm32cube.ide.mcu.externaltools.gnu-tools-for-stm32.13.3.rel1.win32_1.0.0.202411081344/tools/bin/../lib/gcc/arm-none-eabi/13.3.1/../../../../arm-none-eabi/lib/thumb/v7e-m+fp/hard\libc_nano.a(libc_a-memset.o)
                0x08005500                memset
 .text._sbrk_r  0x08005510       0x20 C:/ST/STM32CubeIDE_1.19.0/STM32CubeIDE/plugins/com.st.stm32cube.ide.mcu.externaltools.gnu-tools-for-stm32.13.3.rel1.win32_1.0.0.202411081344/tools/bin/../lib/gcc/arm-none-eabi/13.3.1/../../../../arm-none-eabi/lib/thumb/v7e-m+fp/hard\libc_nano.a(libc_a-sbrkr.o)
                0x08005510                _sbrk_r
 .text.__errno  0x08005530        0xc C:/ST/STM32CubeIDE_1.19.0/STM32CubeIDE/plugins/com.st.stm32cube.ide.mcu.externaltools.gnu-tools-for-stm32.13.3.rel1.win32_1.0.0.202411081344/tools/bin/../lib/gcc/arm-none-eabi/13.3.1/../../../../arm-none-eabi/lib/thumb/v7e-m+fp/hard\libc_nano.a(libc_a-errno.o)
                0x08005530                __errno
 .text.__libc_init_array
                0x0800553c       0x48 C:/ST/STM32CubeIDE_1.19.0/STM32CubeIDE/plugins/com.st.stm32cube.ide.mcu.externaltools.gnu-tools-for-stm32.13.3.rel1.win32_1.0.0.202411081344/tools/bin/../lib/gcc/arm-none-eabi/13.3.1/../../../../arm-none-eabi/lib/thumb/v7e-m+fp/hard\libc_nano.a(libc_a-init.o)
                0x0800553c                __libc_init_array
 .text.__retarget_lock_acquire_recursive
                0x08005584        0x2 C:/ST/STM32CubeIDE_1.19.0/STM32CubeIDE/plugins/com.st.stm32cube.ide.mcu.externaltools.gnu-tools-for-stm32.13.3.rel1.win32_1.0.0.202411081344/tools/bin/../lib/gcc/arm-none-eabi/13.3.1/../../../../arm-none-eabi/lib/thumb/v7e-m+fp/hard\libc_nano.a(libc_a-lock.o)
                0x08005584                __retarget_lock_acquire_recursive
 .text.__retarget_lock_release_recursive
                0x08005586        0x2 C:/ST/STM32CubeIDE_1.19.0/STM32CubeIDE/plugins/com.st.stm32cube.ide.mcu.externaltools.gnu-tools-for-stm32.13.3.rel1.win32_1.0.0.202411081344/tools/bin/../lib/gcc/arm-none-eabi/13.3.1/../../../../arm-none-eabi/lib/thumb/v7e-m+fp/hard\libc_nano.a(libc_a-lock.o)
                0x08005586                __retarget_lock_release_recursive
 .text.sqrtf    0x08005588       0x3c C:/ST/STM32CubeIDE_1.19.0/STM32CubeIDE/plugins/com.st.stm32cube.ide.mcu.externaltools.gnu-tools-for-stm32.13.3.rel1.win32_1.0.0.202411081344/tools/bin/../lib/gcc/arm-none-eabi/13.3.1/../../../../arm-none-eabi/lib/thumb/v7e-m+fp/hard\libm.a(libm_a-wf_sqrt.o)
                0x08005588                sqrtf
 .text.__ieee754_sqrtf
                0x080055c4        0x6 C:/ST/STM32CubeIDE_1.19.0/STM32CubeIDE/plugins/com.st.stm32cube.ide.mcu.externaltools.gnu-tools-for-stm32.13.3.rel1.win32_1.0.0.202411081344/tools/bin/../lib/gcc/arm-none-eabi/13.3.1/../../../../arm-none-eabi/lib/thumb/v7e-m+fp/hard\libm.a(libm_a-ef_sqrt.o)
                0x080055c4                __ieee754_sqrtf
 *(.glue_7)
 .glue_7        0x080055ca        0x0 linker stubs
 *(.glue_7t)
 .glue_7t       0x080055ca        0x0 linker stubs
 *(.eh_frame)
 *fill*         0x080055ca        0x2 
 .eh_frame      0x080055cc        0x0 C:/ST/STM32CubeIDE_1.19.0/STM32CubeIDE/plugins/com.st.stm32cube.ide.mcu.externaltools.gnu-tools-for-stm32.13.3.rel1.win32_1.0.0.202411081344/tools/bin/../lib/gcc/arm-none-eabi/13.3.1/thumb/v7e-m+fp/hard/crtbegin.o
 *(.init)
 .init          0x080055cc        0x4 C:/ST/STM32CubeIDE_1.19.0/STM32CubeIDE/plugins/com.st.stm32cube.ide.mcu.externaltools.gnu-tools-for-stm32.13.3.rel1.win32_1.0.0.202411081344/tools/bin/../lib/gcc/arm-none-eabi/13.3.1/thumb/v7e-m+fp/hard/crti.o
                0x080055cc                _init
 .init          0x080055d0        0x8 C:/ST/STM32CubeIDE_1.19.0/STM32CubeIDE/plugins/com.st.stm32cube.ide.mcu.externaltools.gnu-tools-for-stm32.13.3.rel1.win32_1.0.0.202411081344/tools/bin/../lib/gcc/arm-none-eabi/13.3.1/thumb/v7e-m+fp/hard/crtn.o
 *(.fini)
 .fini          0x080055d8        0x4 C:/ST/STM32CubeIDE_1.19.0/STM32CubeIDE/plugins/com.st.stm32cube.ide.mcu.externaltools.gnu-tools-for-stm32.13.3.rel1.win32_1.0.0.202411081344/tools/bin/../lib/gcc/arm-none-eabi/13.3.1/thumb/v7e-m+fp/hard/crti.o
                0x080055d8                _fini
 .fini          0x080055dc        0x8 C:/ST/STM32CubeIDE_1.19.0/STM32CubeIDE/plugins/com.st.stm32cube.ide.mcu.externaltools.gnu-tools-for-stm32.13.3.rel1.win32_1.0.0.202411081344/tools/bin/../lib/gcc/arm-none-eabi/13.3.1/thumb/v7e-m+fp/hard/crtn.o
                0x080055e4                        . = ALIGN (0x4)
                0x080055e4                        _etext = .

.vfp11_veneer   0x080055e4        0x0
 .vfp11_veneer  0x080055e4        0x0 linker stubs

.v4_bx          0x080055e4        0x0
 .v4_bx         0x080055e4        0x0 linker stubs

.iplt           0x080055e4        0x0
 .iplt          0x080055e4        0x0 C:/ST/STM32CubeIDE_1.19.0/STM32CubeIDE/plugins/com.st.stm32cube.ide.mcu.externaltools.gnu-tools-for-stm32.13.3.rel1.win32_1.0.0.202411081344/tools/bin/../lib/gcc/arm-none-eabi/13.3.1/thumb/v7e-m+fp/hard/crtbegin.o

.rodata         0x080055e4     0x1950
                0x080055e4                        . = ALIGN (0x4)
 *(.rodata)
 *(.rodata*)
 .rodata.AHBPrescTable
                0x080055e4       0x10 ./Core/Src/system_stm32f3xx.o
                0x080055e4                AHBPrescTable
 .rodata.ball_1
                0x080055f4     0x1900 ./Core/drivers/game/ball_img.o
                0x080055f4                ball_1
 .rodata.colours.0
                0x08006ef4       0x20 ./Core/drivers/game/game.o
 .rodata.aPLLMULFactorTable
                0x08006f14       0x10 ./Drivers/STM32F3xx_HAL_Driver/Src/stm32f3xx_hal_rcc.o
 .rodata.aPredivFactorTable
                0x08006f24       0x10 ./Drivers/STM32F3xx_HAL_Driver/Src/stm32f3xx_hal_rcc.o
                0x08006f34                        . = ALIGN (0x4)

.ARM.extab      0x08006f34        0x0
                0x08006f34                        . = ALIGN (0x4)
 *(.ARM.extab* .gnu.linkonce.armextab.*)
                0x08006f34                        . = ALIGN (0x4)

.ARM            0x08006f34        0x0
                0x08006f34                        . = ALIGN (0x4)
                0x08006f34                        __exidx_start = .
 *(.ARM.exidx*)
                0x08006f34                        __exidx_end = .
                0x08006f34                        . = ALIGN (0x4)

.preinit_array  0x08006f34        0x0
                0x08006f34                        . = ALIGN (0x4)
                0x08006f34                        PROVIDE (__preinit_array_start = .)
 *(.preinit_array*)
                0x08006f34                        PROVIDE (__preinit_array_end = .)
                0x08006f34                        . = ALIGN (0x4)

.init_array     0x08006f34        0x4
                0x08006f34                        . = ALIGN (0x4)
                0x08006f34                        PROVIDE (__init_array_start = .)
 *(SORT_BY_NAME(.init_array.*))
 *(.init_array*)
 .init_array    0x08006f34        0x4 C:/ST/STM32CubeIDE_1.19.0/STM32CubeIDE/plugins/com.st.stm32cube.ide.mcu.externaltools.gnu-tools-for-stm32.13.3.rel1.win32_1.0.0.202411081344/tools/bin/../lib/gcc/arm-none-eabi/13.3.1/thumb/v7e-m+fp/hard/crtbegin.o
                0x08006f38                        PROVIDE (__init_array_end = .)
                0x08006f38                        . = ALIGN (0x4)

.fini_array     0x08006f38        0x4
                0x08006f38                        . = ALIGN (0x4)
                [!provide]                        PROVIDE (__fini_array_start = .)
 *(SORT_BY_NAME(.fini_array.*))
 *(.fini_array*)
 .fini_array    0x08006f38        0x4 C:/ST/STM32CubeIDE_1.19.0/STM32CubeIDE/plugins/com.st.stm32cube.ide.mcu.externaltools.gnu-tools-for-stm32.13.3.rel1.win32_1.0.0.202411081344/tools/bin/../lib/gcc/arm-none-eabi/13.3.1/thumb/v7e-m+fp/hard/crtbegin.o
                [!provide]                        PROVIDE (__fini_array_end = .)
                0x08006f3c                        . = ALIGN (0x4)
                0x08006f3c                        _sidata = LOADADDR (.data)

.rel.dyn        0x08006f3c        0x0
 .rel.iplt      0x08006f3c        0x0 C:/ST/STM32CubeIDE_1.19.0/STM32CubeIDE/plugins/com.st.stm32cube.ide.mcu.externaltools.gnu-tools-for-stm32.13.3.rel1.win32_1.0.0.202411081344/tools/bin/../lib/gcc/arm-none-eabi/13.3.1/thumb/v7e-m+fp/hard/crtbegin.o

.data           0x20000000       0x64 load address 0x08006f3c
                0x20000000                        . = ALIGN (0x4)
                0x20000000                        _sdata = .
 *(.data)
 *(.data*)
 .data.SystemCoreClock
                0x20000000        0x4 ./Core/Src/system_stm32f3xx.o
                0x20000000                SystemCoreClock
 .data.s_first_frame
                0x20000004        0x1 ./Core/drivers/game/game.o
 *fill*         0x20000005        0x3 
 .data.s_rng_state
                0x20000008        0x4 ./Core/drivers/game/game.o
 .data.uwTickPrio
                0x2000000c        0x4 ./Drivers/STM32F3xx_HAL_Driver/Src/stm32f3xx_hal.o
                0x2000000c                uwTickPrio
 .data.uwTickFreq
                0x20000010        0x1 ./Drivers/STM32F3xx_HAL_Driver/Src/stm32f3xx_hal.o
                0x20000010                uwTickFreq
 *fill*         0x20000011        0x3 
 .data._impure_ptr
                0x20000014        0x4 C:/ST/STM32CubeIDE_1.19.0/STM32CubeIDE/plugins/com.st.stm32cube.ide.mcu.externaltools.gnu-tools-for-stm32.13.3.rel1.win32_1.0.0.202411081344/tools/bin/../lib/gcc/arm-none-eabi/13.3.1/../../../../arm-none-eabi/lib/thumb/v7e-m+fp/hard\libc_nano.a(libc_a-impure.o)
                0x20000014                _impure_ptr
 .data._impure_data
                0x20000018       0x4c C:/ST/STM32CubeIDE_1.19.0/STM32CubeIDE/plugins/com.st.stm32cube.ide.mcu.externaltools.gnu-tools-for-stm32.13.3.rel1.win32_1.0.0.202411081344/tools/bin/../lib/gcc/arm-none-eabi/13.3.1/../../../../arm-none-eabi/lib/thumb/v7e-m+fp/hard\libc_nano.a(libc_a-impure.o)
                0x20000018                _impure_data
 *(.RamFunc)
 *(.RamFunc*)
                0x20000064                        . = ALIGN (0x4)
                0x20000064                        _edata = .
                0x08006fa0                        _siccmram = LOADADDR (.ccmram)

.igot.plt       0x20000064        0x0 load address 0x08006fa0
 .igot.plt      0x20000064        0x0 C:/ST/STM32CubeIDE_1.19.0/STM32CubeIDE/plugins/com.st.stm32cube.ide.mcu.externaltools.gnu-tools-for-stm32.13.3.rel1.win32_1.0.0.202411081344/tools/bin/../lib/gcc/arm-none-eabi/13.3.1/thumb/v7e-m+fp/hard/crtbegin.o

.ccmram         0x10000000        0x0 load address 0x08006fa0
                0x10000000                        . = ALIGN (0x4)
                0x10000000                        _sccmram = .
 *(.ccmram)
 *(.ccmram*)
                0x10000000                        . = ALIGN (0x4)
                0x10000000                        _eccmram = .
                0x10000000                        . = ALIGN (0x4)

.bss            0x20000064      0x43c
                0x20000064                        _sbss = .
                0x20000064                        __bss_start__ = _sbss
 *(.bss)
 .bss           0x20000064       0x1c C:/ST/STM32CubeIDE_1.19.0/STM32CubeIDE/plugins/com.st.stm32cube.ide.mcu.externaltools.gnu-tools-for-stm32.13.3.rel1.win32_1.0.0.202411081344/tools/bin/../lib/gcc/arm-none-eabi/13.3.1/thumb/v7e-m+fp/hard/crtbegin.o
 *(.bss*)
 .bss.is_touch_detected
                0x20000080        0x1 ./Core/Src/CST816S.o
 *fill*         0x20000081        0x3 
 .bss.hi2c1     0x20000084       0x54 ./Core/Src/main.o
                0x20000084                hi2c1
 .bss.hspi1     0x200000d8       0x64 ./Core/Src/main.o
                0x200000d8                hspi1
 .bss.__sbrk_heap_end
                0x2000013c        0x4 ./Core/Src/sysmem.o
 .bss.s_line_buf
                0x20000140      0x1e0 ./Core/drivers/display/gc9a01a.o
 .bss.s_cs_held_low
                0x20000320        0x1 ./Core/drivers/display/gc9a01a.o
 *fill*         0x20000321        0x3 
 .bss.s_world   0x20000324       0x14 ./Core/drivers/game/game.o
 .bss.s_player  0x20000338       0x14 ./Core/drivers/game/game.o
 .bss.s_mpu     0x2000034c        0x4 ./Core/drivers/game/game.o
 .bss.s_prev_draw_x
                0x20000350        0x2 ./Core/drivers/game/game.o
 .bss.s_prev_draw_y
                0x20000352        0x2 ./Core/drivers/game/game.o
 .bss.uwTick    0x20000354        0x4 ./Drivers/STM32F3xx_HAL_Driver/Src/stm32f3xx_hal.o
                0x20000354                uwTick
 .bss.__malloc_sbrk_start
                0x20000358        0x4 C:/ST/STM32CubeIDE_1.19.0/STM32CubeIDE/plugins/com.st.stm32cube.ide.mcu.externaltools.gnu-tools-for-stm32.13.3.rel1.win32_1.0.0.202411081344/tools/bin/../lib/gcc/arm-none-eabi/13.3.1/../../../../arm-none-eabi/lib/thumb/v7e-m+fp/hard\libc_nano.a(libc_a-mallocr.o)
                0x20000358                __malloc_sbrk_start
 .bss.__malloc_free_list
                0x2000035c        0x4 C:/ST/STM32CubeIDE_1.19.0/STM32CubeIDE/plugins/com.st.stm32cube.ide.mcu.externaltools.gnu-tools-for-stm32.13.3.rel1.win32_1.0.0.202411081344/tools/bin/../lib/gcc/arm-none-eabi/13.3.1/../../../../arm-none-eabi/lib/thumb/v7e-m+fp/hard\libc_nano.a(libc_a-mallocr.o)
                0x2000035c                __malloc_free_list
 .bss.__sf      0x20000360      0x138 C:/ST/STM32CubeIDE_1.19.0/STM32CubeIDE/plugins/com.st.stm32cube.ide.mcu.externaltools.gnu-tools-for-stm32.13.3.rel1.win32_1.0.0.202411081344/tools/bin/../lib/gcc/arm-none-eabi/13.3.1/../../../../arm-none-eabi/lib/thumb/v7e-m+fp/hard\libc_nano.a(libc_a-findfp.o)
                0x20000360                __sf
 .bss.errno     0x20000498        0x4 C:/ST/STM32CubeIDE_1.19.0/STM32CubeIDE/plugins/com.st.stm32cube.ide.mcu.externaltools.gnu-tools-for-stm32.13.3.rel1.win32_1.0.0.202411081344/tools/bin/../lib/gcc/arm-none-eabi/13.3.1/../../../../arm-none-eabi/lib/thumb/v7e-m+fp/hard\libc_nano.a(libc_a-reent.o)
                0x20000498                errno
 .bss.__lock___malloc_recursive_mutex
                0x2000049c        0x1 C:/ST/STM32CubeIDE_1.19.0/STM32CubeIDE/plugins/com.st.stm32cube.ide.mcu.externaltools.gnu-tools-for-stm32.13.3.rel1.win32_1.0.0.202411081344/tools/bin/../lib/gcc/arm-none-eabi/13.3.1/../../../../arm-none-eabi/lib/thumb/v7e-m+fp/hard\libc_nano.a(libc_a-lock.o)
                0x2000049c                __lock___malloc_recursive_mutex
 *(COMMON)
                0x200004a0                        . = ALIGN (0x4)
 *fill*         0x2000049d        0x3 
                0x200004a0                        _ebss = .
                0x200004a0                        __bss_end__ = _ebss

._user_heap_stack
                0x200004a0      0x600
                0x200004a0                        . = ALIGN (0x8)
                [!provide]                        PROVIDE (end = .)
                0x200004a0                        PROVIDE (_end = .)
                0x200006a0                        . = (. + _Min_Heap_Size)
 *fill*         0x200004a0      0x200 
                0x20000aa0                        . = (. + _Min_Stack_Size)
 *fill*         0x200006a0      0x400 
                0x20000aa0                        . = ALIGN (0x8)

/DISCARD/
 libc.a(*)
 libm.a(*)
 libgcc.a(*)

.ARM.attributes
                0x00000000       0x30
 *(.ARM.attributes)
 .ARM.attributes
                0x00000000       0x22 C:/ST/STM32CubeIDE_1.19.0/STM32CubeIDE/plugins/com.st.stm32cube.ide.mcu.externaltools.gnu-tools-for-stm32.13.3.rel1.win32_1.0.0.202411081344/tools/bin/../lib/gcc/arm-none-eabi/13.3.1/thumb/v7e-m+fp/hard/crti.o
 .ARM.attributes
                0x00000022       0x34 C:/ST/STM32CubeIDE_1.19.0/STM32CubeIDE/plugins/com.st.stm32cube.ide.mcu.externaltools.gnu-tools-for-stm32.13.3.rel1.win32_1.0.0.202411081344/tools/bin/../lib/gcc/arm-none-eabi/13.3.1/thumb/v7e-m+fp/hard/crtbegin.o
 .ARM.attributes
                0x00000056       0x34 ./Core/Src/CST816S.o
 .ARM.attributes
                0x0000008a       0x34 ./Core/Src/main.o
 .ARM.attributes
                0x000000be       0x34 ./Core/Src/stm32f3xx_hal_msp.o
 .ARM.attributes
                0x000000f2       0x34 ./Core/Src/stm32f3xx_it.o
 .ARM.attributes
                0x00000126       0x34 ./Core/Src/sysmem.o
 .ARM.attributes
                0x0000015a       0x34 ./Core/Src/system_stm32f3xx.o
 .ARM.attributes
                0x0000018e       0x21 ./Core/Startup/startup_stm32f303cctx.o
 .ARM.attributes
                0x000001af       0x34 ./Core/drivers/display/gc9a01a.o
 .ARM.attributes
                0x000001e3       0x34 ./Core/drivers/game/app.o
 .ARM.attributes
                0x00000217       0x34 ./Core/drivers/game/ball_img.o
 .ARM.attributes
                0x0000024b       0x34 ./Core/drivers/game/game.o
 .ARM.attributes
                0x0000027f       0x34 ./Core/drivers/game/player.o
 .ARM.attributes
                0x000002b3       0x34 ./Core/drivers/game/world.o
 .ARM.attributes
                0x000002e7       0x34 ./Core/drivers/imu/mpu6050.o
 .ARM.attributes
                0x0000031b       0x34 ./Drivers/STM32F3xx_HAL_Driver/Src/stm32f3xx_hal.o
 .ARM.attributes
                0x0000034f       0x34 ./Drivers/STM32F3xx_HAL_Driver/Src/stm32f3xx_hal_cortex.o
 .ARM.attributes
                0x00000383       0x34 ./Drivers/STM32F3xx_HAL_Driver/Src/stm32f3xx_hal_gpio.o
 .ARM.attributes
                0x000003b7       0x34 ./Drivers/STM32F3xx_HAL_Driver/Src/stm32f3xx_hal_i2c.o
 .ARM.attributes
                0x000003eb       0x34 ./Drivers/STM32F3xx_HAL_Driver/Src/stm32f3xx_hal_i2c_ex.o
 .ARM.attributes
                0x0000041f       0x34 ./Drivers/STM32F3xx_HAL_Driver/Src/stm32f3xx_hal_rcc.o
 .ARM.attributes
                0x00000453       0x34 ./Drivers/STM32F3xx_HAL_Driver/Src/stm32f3xx_hal_rcc_ex.o
 .ARM.attributes
                0x00000487       0x34 ./Drivers/STM32F3xx_HAL_Driver/Src/stm32f3xx_hal_spi.o
 .ARM.attributes
                0x000004bb       0x34 C:/ST/STM32CubeIDE_1.19.0/STM32CubeIDE/plugins/com.st.stm32cube.ide.mcu.externaltools.gnu-tools-for-stm32.13.3.rel1.win32_1.0.0.202411081344/tools/bin/../lib/gcc/arm-none-eabi/13.3.1/../../../../arm-none-eabi/lib/thumb/v7e-m+fp/hard\libc_nano.a(libc_a-malloc.o)
 .ARM.attributes
                0x000004ef       0x34 C:/ST/STM32CubeIDE_1.19.0/STM32CubeIDE/plugins/com.st.stm32cube.ide.mcu.externaltools.gnu-tools-for-stm32.13.3.rel1.win32_1.0.0.202411081344/tools/bin/../lib/gcc/arm-none-eabi/13.3.1/../../../../arm-none-eabi/lib/thumb/v7e-m+fp/hard\libc_nano.a(libc_a-mallocr.o)
 .ARM.attributes
                0x00000523       0x34 C:/ST/STM32CubeIDE_1.19.0/STM32CubeIDE/plugins/com.st.stm32cube.ide.mcu.externaltools.gnu-tools-for-stm32.13.3.rel1.win32_1.0.0.202411081344/tools/bin/../lib/gcc/arm-none-eabi/13.3.1/../../../../arm-none-eabi/lib/thumb/v7e-m+fp/hard\libc_nano.a(libc_a-mlock.o)
 .ARM.attributes
                0x00000557       0x34 C:/ST/STM32CubeIDE_1.19.0/STM32CubeIDE/plugins/com.st.stm32cube.ide.mcu.externaltools.gnu-tools-for-stm32.13.3.rel1.win32_1.0.0.202411081344/tools/bin/../lib/gcc/arm-none-eabi/13.3.1/../../../../arm-none-eabi/lib/thumb/v7e-m+fp/hard\libc_nano.a(libc_a-findfp.o)
 .ARM.attributes
                0x0000058b       0x34 C:/ST/STM32CubeIDE_1.19.0/STM32CubeIDE/plugins/com.st.stm32cube.ide.mcu.externaltools.gnu-tools-for-stm32.13.3.rel1.win32_1.0.0.202411081344/tools/bin/../lib/gcc/arm-none-eabi/13.3.1/../../../../arm-none-eabi/lib/thumb/v7e-m+fp/hard\libc_nano.a(libc_a-memset.o)
 .ARM.attributes
                0x000005bf       0x34 C:/ST/STM32CubeIDE_1.19.0/STM32CubeIDE/plugins/com.st.stm32cube.ide.mcu.externaltools.gnu-tools-for-stm32.13.3.rel1.win32_1.0.0.202411081344/tools/bin/../lib/gcc/arm-none-eabi/13.3.1/../../../../arm-none-eabi/lib/thumb/v7e-m+fp/hard\libc_nano.a(libc_a-reent.o)
 .ARM.attributes
                0x000005f3       0x34 C:/ST/STM32CubeIDE_1.19.0/STM32CubeIDE/plugins/com.st.stm32cube.ide.mcu.externaltools.gnu-tools-for-stm32.13.3.rel1.win32_1.0.0.202411081344/tools/bin/../lib/gcc/arm-none-eabi/13.3.1/../../../../arm-none-eabi/lib/thumb/v7e-m+fp/hard\libc_nano.a(libc_a-impure.o)
 .ARM.attributes
                0x00000627       0x34 C:/ST/STM32CubeIDE_1.19.0/STM32CubeIDE/plugins/com.st.stm32cube.ide.mcu.externaltools.gnu-tools-for-stm32.13.3.rel1.win32_1.0.0.202411081344/tools/bin/../lib/gcc/arm-none-eabi/13.3.1/../../../../arm-none-eabi/lib/thumb/v7e-m+fp/hard\libc_nano.a(libc_a-sbrkr.o)
 .ARM.attributes
                0x0000065b       0x34 C:/ST/STM32CubeIDE_1.19.0/STM32CubeIDE/plugins/com.st.stm32cube.ide.mcu.externaltools.gnu-tools-for-stm32.13.3.rel1.win32_1.0.0.202411081344/tools/bin/../lib/gcc/arm-none-eabi/13.3.1/../../../../arm-none-eabi/lib/thumb/v7e-m+fp/hard\libc_nano.a(libc_a-errno.o)
 .ARM.attributes
                0x0000068f       0x34 C:/ST/STM32CubeIDE_1.19.0/STM32CubeIDE/plugins/com.st.stm32cube.ide.mcu.externaltools.gnu-tools-for-stm32.13.3.rel1.win32_1.0.0.202411081344/tools/bin/../lib/gcc/arm-none-eabi/13.3.1/../../../../arm-none-eabi/lib/thumb/v7e-m+fp/hard\libc_nano.a(libc_a-init.o)
 .ARM.attributes
                0x000006c3       0x34 C:/ST/STM32CubeIDE_1.19.0/STM32CubeIDE/plugins/com.st.stm32cube.ide.mcu.externaltools.gnu-tools-for-stm32.13.3.rel1.win32_1.0.0.202411081344/tools/bin/../lib/gcc/arm-none-eabi/13.3.1/../../../../arm-none-eabi/lib/thumb/v7e-m+fp/hard\libc_nano.a(libc_a-lock.o)
 .ARM.attributes
                0x000006f7       0x34 C:/ST/STM32CubeIDE_1.19.0/STM32CubeIDE/plugins/com.st.stm32cube.ide.mcu.externaltools.gnu-tools-for-stm32.13.3.rel1.win32_1.0.0.202411081344/tools/bin/../lib/gcc/arm-none-eabi/13.3.1/../../../../arm-none-eabi/lib/thumb/v7e-m+fp/hard\libm.a(libm_a-wf_sqrt.o)
 .ARM.attributes
                0x0000072b       0x34 C:/ST/STM32CubeIDE_1.19.0/STM32CubeIDE/plugins/com.st.stm32cube.ide.mcu.externaltools.gnu-tools-for-stm32.13.3.rel1.win32_1.0.0.202411081344/tools/bin/../lib/gcc/arm-none-eabi/13.3.1/../../../../arm-none-eabi/lib/thumb/v7e-m+fp/hard\libm.a(libm_a-ef_sqrt.o)
 .ARM.attributes
                0x0000075f       0x22 C:/ST/STM32CubeIDE_1.19.0/STM32CubeIDE/plugins/com.st.stm32cube.ide.mcu.externaltools.gnu-tools-for-stm32.13.3.rel1.win32_1.0.0.202411081344/tools/bin/../lib/gcc/arm-none-eabi/13.3.1/thumb/v7e-m+fp/hard/crtn.o
OUTPUT(020_Bouncy_Ball.elf elf32-littlearm)
LOAD linker stubs
LOAD C:/ST/STM32CubeIDE_1.19.0/STM32CubeIDE/plugins/com.st.stm32cube.ide.mcu.externaltools.gnu-tools-for-stm32.13.3.rel1.win32_1.0.0.202411081344/tools/bin/../lib/gcc/arm-none-eabi/13.3.1/../../../../arm-none-eabi/lib/thumb/v7e-m+fp/hard\libc.a
LOAD C:/ST/STM32CubeIDE_1.19.0/STM32CubeIDE/plugins/com.st.stm32cube.ide.mcu.externaltools.gnu-tools-for-stm32.13.3.rel1.win32_1.0.0.202411081344/tools/bin/../lib/gcc/arm-none-eabi/13.3.1/../../../../arm-none-eabi/lib/thumb/v7e-m+fp/hard\libm.a
LOAD C:/ST/STM32CubeIDE_1.19.0/STM32CubeIDE/plugins/com.st.stm32cube.ide.mcu.externaltools.gnu-tools-for-stm32.13.3.rel1.win32_1.0.0.202411081344/tools/bin/../lib/gcc/arm-none-eabi/13.3.1/thumb/v7e-m+fp/hard\libgcc.a

.debug_info     0x00000000     0xcb5d
 .debug_info    0x00000000      0xbe3 ./Core/Src/CST816S.o
 .debug_info    0x00000be3     0x1173 ./Core/Src/main.o
 .debug_info    0x00001d56      0xba4 ./Core/Src/stm32f3xx_hal_msp.o
 .debug_info    0x000028fa      0x15a ./Core/Src/stm32f3xx_it.o
 .debug_info    0x00002a54      0x168 ./Core/Src/sysmem.o
 .debug_info    0x00002bbc      0x407 ./Core/Src/system_stm32f3xx.o
 .debug_info    0x00002fc3       0x30 ./Core/Startup/startup_stm32f303cctx.o
 .debug_info    0x00002ff3      0xebc ./Core/drivers/display/gc9a01a.o
 .debug_info    0x00003eaf      0x16b ./Core/drivers/game/app.o
 .debug_info    0x0000401a       0xbc ./Core/drivers/game/ball_img.o
 .debug_info    0x000040d6      0x797 ./Core/drivers/game/game.o
 .debug_info    0x0000486d      0x2e0 ./Core/drivers/game/player.o
 .debug_info    0x00004b4d      0x139 ./Core/drivers/game/world.o
 .debug_info    0x00004c86      0xae1 ./Core/drivers/imu/mpu6050.o
 .debug_info    0x00005767      0x7d4 ./Drivers/STM32F3xx_HAL_Driver/Src/stm32f3xx_hal.o
 .debug_info    0x00005f3b      0xce4 ./Drivers/STM32F3xx_HAL_Driver/Src/stm32f3xx_hal_cortex.o
 .debug_info    0x00006c1f      0x5fe ./Drivers/STM32F3xx_HAL_Driver/Src/stm32f3xx_hal_gpio.o
 .debug_info    0x0000721d     0x20c3 ./Drivers/STM32F3xx_HAL_Driver/Src/stm32f3xx_hal_i2c.o
 .debug_info    0x000092e0      0x818 ./Drivers/STM32F3xx_HAL_Driver/Src/stm32f3xx_hal_i2c_ex.o
 .debug_info    0x00009af8     0x148a ./Drivers/STM32F3xx_HAL_Driver/Src/stm32f3xx_hal_rcc.o
 .debug_info    0x0000af82      0x5b9 ./Drivers/STM32F3xx_HAL_Driver/Src/stm32f3xx_hal_rcc_ex.o
 .debug_info    0x0000b53b     0x1622 ./Drivers/STM32F3xx_HAL_Driver/Src/stm32f3xx_hal_spi.o

.debug_abbrev   0x00000000     0x27b5
 .debug_abbrev  0x00000000      0x2a3 ./Core/Src/CST816S.o
 .debug_abbrev  0x000002a3      0x2c1 ./Core/Src/main.o
 .debug_abbrev  0x00000564      0x1b0 ./Core/Src/stm32f3xx_hal_msp.o
 .debug_abbrev  0x00000714       0xa0 ./Core/Src/stm32f3xx_it.o
 .debug_abbrev  0x000007b4       0xbc ./Core/Src/sysmem.o
 .debug_abbrev  0x00000870      0x11a ./Core/Src/system_stm32f3xx.o
 .debug_abbrev  0x0000098a       0x24 ./Core/Startup/startup_stm32f303cctx.o
 .debug_abbrev  0x000009ae      0x2ea ./Core/drivers/display/gc9a01a.o
 .debug_abbrev  0x00000c98       0xfe ./Core/drivers/game/app.o
 .debug_abbrev  0x00000d96       0x65 ./Core/drivers/game/ball_img.o
 .debug_abbrev  0x00000dfb      0x28c ./Core/drivers/game/game.o
 .debug_abbrev  0x00001087      0x154 ./Core/drivers/game/player.o
 .debug_abbrev  0x000011db       0x94 ./Core/drivers/game/world.o
 .debug_abbrev  0x0000126f      0x29d ./Core/drivers/imu/mpu6050.o
 .debug_abbrev  0x0000150c      0x215 ./Drivers/STM32F3xx_HAL_Driver/Src/stm32f3xx_hal.o
 .debug_abbrev  0x00001721      0x31e ./Drivers/STM32F3xx_HAL_Driver/Src/stm32f3xx_hal_cortex.o
 .debug_abbrev  0x00001a3f      0x1ca ./Drivers/STM32F3xx_HAL_Driver/Src/stm32f3xx_hal_gpio.o
 .debug_abbrev  0x00001c09      0x260 ./Drivers/STM32F3xx_HAL_Driver/Src/stm32f3xx_hal_i2c.o
 .debug_abbrev  0x00001e69      0x1c2 ./Drivers/STM32F3xx_HAL_Driver/Src/stm32f3xx_hal_i2c_ex.o
 .debug_abbrev  0x0000202b      0x300 ./Drivers/STM32F3xx_HAL_Driver/Src/stm32f3xx_hal_rcc.o
 .debug_abbrev  0x0000232b      0x221 ./Drivers/STM32F3xx_HAL_Driver/Src/stm32f3xx_hal_rcc_ex.o
 .debug_abbrev  0x0000254c      0x269 ./Drivers/STM32F3xx_HAL_Driver/Src/stm32f3xx_hal_spi.o

.debug_aranges  0x00000000      0xc00
 .debug_aranges
                0x00000000       0x60 ./Core/Src/CST816S.o
 .debug_aranges
                0x00000060       0x48 ./Core/Src/main.o
 .debug_aranges
                0x000000a8       0x40 ./Core/Src/stm32f3xx_hal_msp.o
 .debug_aranges
                0x000000e8       0x68 ./Core/Src/stm32f3xx_it.o
 .debug_aranges
                0x00000150       0x20 ./Core/Src/sysmem.o
 .debug_aranges
                0x00000170       0x28 ./Core/Src/system_stm32f3xx.o
 .debug_aranges
                0x00000198       0x28 ./Core/Startup/startup_stm32f303cctx.o
 .debug_aranges
                0x000001c0       0xf8 ./Core/drivers/display/gc9a01a.o
 .debug_aranges
                0x000002b8       0x28 ./Core/drivers/game/app.o
 .debug_aranges
                0x000002e0       0x18 ./Core/drivers/game/ball_img.o
 .debug_aranges
                0x000002f8       0x78 ./Core/drivers/game/game.o
 .debug_aranges
                0x00000370       0x38 ./Core/drivers/game/player.o
 .debug_aranges
                0x000003a8       0x20 ./Core/drivers/game/world.o
 .debug_aranges
                0x000003c8       0x58 ./Core/drivers/imu/mpu6050.o
 .debug_aranges
                0x00000420       0xe0 ./Drivers/STM32F3xx_HAL_Driver/Src/stm32f3xx_hal.o
 .debug_aranges
                0x00000500      0x128 ./Drivers/STM32F3xx_HAL_Driver/Src/stm32f3xx_hal_cortex.o
 .debug_aranges
                0x00000628       0x58 ./Drivers/STM32F3xx_HAL_Driver/Src/stm32f3xx_hal_gpio.o
 .debug_aranges
                0x00000680      0x2a0 ./Drivers/STM32F3xx_HAL_Driver/Src/stm32f3xx_hal_i2c.o
 .debug_aranges
                0x00000920       0x48 ./Drivers/STM32F3xx_HAL_Driver/Src/stm32f3xx_hal_i2c_ex.o
 .debug_aranges
                0x00000968       0x88 ./Drivers/STM32F3xx_HAL_Driver/Src/stm32f3xx_hal_rcc.o
 .debug_aranges
                0x000009f0       0x38 ./Drivers/STM32F3xx_HAL_Driver/Src/stm32f3xx_hal_rcc_ex.o
 .debug_aranges
                0x00000a28      0x1d8 ./Drivers/STM32F3xx_HAL_Driver/Src/stm32f3xx_hal_spi.o

.debug_rnglists
                0x00000000      0x90b
 .debug_rnglists
                0x00000000       0x44 ./Core/Src/CST816S.o
 .debug_rnglists
                0x00000044       0x34 ./Core/Src/main.o
 .debug_rnglists
                0x00000078       0x2d ./Core/Src/stm32f3xx_hal_msp.o
 .debug_rnglists
                0x000000a5       0x49 ./Core/Src/stm32f3xx_it.o
 .debug_rnglists
                0x000000ee       0x13 ./Core/Src/sysmem.o
 .debug_rnglists
                0x00000101       0x1a ./Core/Src/system_stm32f3xx.o
 .debug_rnglists
                0x0000011b       0x19 ./Core/Startup/startup_stm32f303cctx.o
 .debug_rnglists
                0x00000134       0xc9 ./Core/drivers/display/gc9a01a.o
 .debug_rnglists
                0x000001fd       0x19 ./Core/drivers/game/app.o
 .debug_rnglists
                0x00000216       0x5a ./Core/drivers/game/game.o
 .debug_rnglists
                0x00000270       0x27 ./Core/drivers/game/player.o
 .debug_rnglists
                0x00000297       0x14 ./Core/drivers/game/world.o
 .debug_rnglists
                0x000002ab       0x41 ./Core/drivers/imu/mpu6050.o
 .debug_rnglists
                0x000002ec       0xa3 ./Drivers/STM32F3xx_HAL_Driver/Src/stm32f3xx_hal.o
 .debug_rnglists
                0x0000038f       0xda ./Drivers/STM32F3xx_HAL_Driver/Src/stm32f3xx_hal_cortex.o
 .debug_rnglists
                0x00000469       0x3f ./Drivers/STM32F3xx_HAL_Driver/Src/stm32f3xx_hal_gpio.o
 .debug_rnglists
                0x000004a8      0x228 ./Drivers/STM32F3xx_HAL_Driver/Src/stm32f3xx_hal_i2c.o
 .debug_rnglists
                0x000006d0       0x35 ./Drivers/STM32F3xx_HAL_Driver/Src/stm32f3xx_hal_i2c_ex.o
 .debug_rnglists
                0x00000705       0x66 ./Drivers/STM32F3xx_HAL_Driver/Src/stm32f3xx_hal_rcc.o
 .debug_rnglists
                0x0000076b       0x28 ./Drivers/STM32F3xx_HAL_Driver/Src/stm32f3xx_hal_rcc_ex.o
 .debug_rnglists
                0x00000793      0x178 ./Drivers/STM32F3xx_HAL_Driver/Src/stm32f3xx_hal_spi.o

.debug_macro    0x00000000    0x1e640
 .debug_macro   0x00000000      0x2ea ./Core/Src/CST816S.o
 .debug_macro   0x000002ea      0xad8 ./Core/Src/CST816S.o
 .debug_macro   0x00000dc2       0x22 ./Core/Src/CST816S.o
 .debug_macro   0x00000de4       0x22 ./Core/Src/CST816S.o
 .debug_macro   0x00000e06       0x8e ./Core/Src/CST816S.o
 .debug_macro   0x00000e94       0x51 ./Core/Src/CST816S.o
 .debug_macro   0x00000ee5      0x103 ./Core/Src/CST816S.o
 .debug_macro   0x00000fe8       0x6a ./Core/Src/CST816S.o
 .debug_macro   0x00001052      0x1df ./Core/Src/CST816S.o
 .debug_macro   0x00001231      0x190 ./Core/Src/CST816S.o
 .debug_macro   0x000013c1      0x158 ./Core/Src/CST816S.o
 .debug_macro   0x00001519       0x2e ./Core/Src/CST816S.o
 .debug_macro   0x00001547       0x28 ./Core/Src/CST816S.o
 .debug_macro   0x0000156f       0x1c ./Core/Src/CST816S.o
 .debug_macro   0x0000158b       0x22 ./Core/Src/CST816S.o
 .debug_macro   0x000015ad       0xd9 ./Core/Src/CST816S.o
 .debug_macro   0x00001686     0x102d ./Core/Src/CST816S.o
 .debug_macro   0x000026b3      0x11f ./Core/Src/CST816S.o
 .debug_macro   0x000027d2    0x12a3a ./Core/Src/CST816S.o
 .debug_macro   0x0001520c       0x6d ./Core/Src/CST816S.o
 .debug_macro   0x00015279     0x3574 ./Core/Src/CST816S.o
 .debug_macro   0x000187ed       0x55 ./Core/Src/CST816S.o
 .debug_macro   0x00018842      0x961 ./Core/Src/CST816S.o
 .debug_macro   0x000191a3      0x5fe ./Core/Src/CST816S.o
 .debug_macro   0x000197a1      0x1b5 ./Core/Src/CST816S.o
 .debug_macro   0x00019956      0x1fb ./Core/Src/CST816S.o
 .debug_macro   0x00019b51      0x1dc ./Core/Src/CST816S.o
 .debug_macro   0x00019d2d      0x1bc ./Core/Src/CST816S.o
 .debug_macro   0x00019ee9       0x30 ./Core/Src/CST816S.o
 .debug_macro   0x00019f19       0x3c ./Core/Src/CST816S.o
 .debug_macro   0x00019f55      0x235 ./Core/Src/CST816S.o
 .debug_macro   0x0001a18a       0xc5 ./Core/Src/CST816S.o
 .debug_macro   0x0001a24f      0x21d ./Core/Src/CST816S.o
 .debug_macro   0x0001a46c      0x22c ./Core/Src/CST816S.o
 .debug_macro   0x0001a698       0x5b ./Core/Src/CST816S.o
 .debug_macro   0x0001a6f3       0xa5 ./Core/Src/CST816S.o
 .debug_macro   0x0001a798       0x81 ./Core/Src/CST816S.o
 .debug_macro   0x0001a819       0xd3 ./Core/Src/CST816S.o
 .debug_macro   0x0001a8ec      0x2fe ./Core/Src/CST816S.o
 .debug_macro   0x0001abea      0x275 ./Core/Src/CST816S.o
 .debug_macro   0x0001ae5f       0x6a ./Core/Src/CST816S.o
 .debug_macro   0x0001aec9      0x2e9 ./Core/Src/CST816S.o
 .debug_macro   0x0001b1b2       0x28 ./Core/Src/CST816S.o
 .debug_macro   0x0001b1da       0x61 ./Core/Src/CST816S.o
 .debug_macro   0x0001b23b       0x2a ./Core/Src/CST816S.o
 .debug_macro   0x0001b265       0x43 ./Core/Src/CST816S.o
 .debug_macro   0x0001b2a8       0x34 ./Core/Src/CST816S.o
 .debug_macro   0x0001b2dc       0x16 ./Core/Src/CST816S.o
 .debug_macro   0x0001b2f2       0x3c ./Core/Src/CST816S.o
 .debug_macro   0x0001b32e      0x370 ./Core/Src/CST816S.o
 .debug_macro   0x0001b69e       0x10 ./Core/Src/CST816S.o
 .debug_macro   0x0001b6ae       0x16 ./Core/Src/CST816S.o
 .debug_macro   0x0001b6c4       0x4a ./Core/Src/CST816S.o
 .debug_macro   0x0001b70e       0x34 ./Core/Src/CST816S.o
 .debug_macro   0x0001b742       0x10 ./Core/Src/CST816S.o
 .debug_macro   0x0001b752       0x58 ./Core/Src/CST816S.o
 .debug_macro   0x0001b7aa       0x8e ./Core/Src/CST816S.o
 .debug_macro   0x0001b838       0x1c ./Core/Src/CST816S.o
 .debug_macro   0x0001b854      0x185 ./Core/Src/CST816S.o
 .debug_macro   0x0001b9d9       0x16 ./Core/Src/CST816S.o
 .debug_macro   0x0001b9ef       0x16 ./Core/Src/CST816S.o
 .debug_macro   0x0001ba05      0x146 ./Core/Src/CST816S.o
 .debug_macro   0x0001bb4b      0x305 ./Core/Src/main.o
 .debug_macro   0x0001be50       0x10 ./Core/Src/main.o
 .debug_macro   0x0001be60       0x20 ./Core/Src/main.o
 .debug_macro   0x0001be80       0x1c ./Core/Src/main.o
 .debug_macro   0x0001be9c       0x1c ./Core/Src/main.o
 .debug_macro   0x0001beb8      0x19b ./Core/Src/main.o
 .debug_macro   0x0001c053      0x1dc ./Core/Src/stm32f3xx_hal_msp.o
 .debug_macro   0x0001c22f      0x1e6 ./Core/Src/stm32f3xx_it.o
 .debug_macro   0x0001c415      0x112 ./Core/Src/sysmem.o
 .debug_macro   0x0001c527      0x23c ./Core/Src/sysmem.o
 .debug_macro   0x0001c763      0x1c4 ./Core/Src/system_stm32f3xx.o
 .debug_macro   0x0001c927      0x2cb ./Core/drivers/display/gc9a01a.o
 .debug_macro   0x0001cbf2      0x1e8 ./Core/drivers/game/app.o
 .debug_macro   0x0001cdda       0x63 ./Core/drivers/game/ball_img.o
 .debug_macro   0x0001ce3d      0x25d ./Core/drivers/game/game.o
 .debug_macro   0x0001d09a       0xb2 ./Core/drivers/game/game.o
 .debug_macro   0x0001d14c       0x16 ./Core/drivers/game/game.o
 .debug_macro   0x0001d162      0x13f ./Core/drivers/game/player.o
 .debug_macro   0x0001d2a1       0x6d ./Core/drivers/game/world.o
 .debug_macro   0x0001d30e      0x32d ./Core/drivers/imu/mpu6050.o
 .debug_macro   0x0001d63b       0xac ./Core/drivers/imu/mpu6050.o
 .debug_macro   0x0001d6e7       0x16 ./Core/drivers/imu/mpu6050.o
 .debug_macro   0x0001d6fd      0x1e8 ./Drivers/STM32F3xx_HAL_Driver/Src/stm32f3xx_hal.o
 .debug_macro   0x0001d8e5      0x1c4 ./Drivers/STM32F3xx_HAL_Driver/Src/stm32f3xx_hal_cortex.o
 .debug_macro   0x0001daa9      0x1cb ./Drivers/STM32F3xx_HAL_Driver/Src/stm32f3xx_hal_gpio.o
 .debug_macro   0x0001dc74      0x290 ./Drivers/STM32F3xx_HAL_Driver/Src/stm32f3xx_hal_i2c.o
 .debug_macro   0x0001df04      0x1c4 ./Drivers/STM32F3xx_HAL_Driver/Src/stm32f3xx_hal_i2c_ex.o
 .debug_macro   0x0001e0c8      0x1e8 ./Drivers/STM32F3xx_HAL_Driver/Src/stm32f3xx_hal_rcc.o
 .debug_macro   0x0001e2b0      0x1c4 ./Drivers/STM32F3xx_HAL_Driver/Src/stm32f3xx_hal_rcc_ex.o
 .debug_macro   0x0001e474      0x1cc ./Drivers/STM32F3xx_HAL_Driver/Src/stm32f3xx_hal_spi.o

.debug_line     0x00000000    0x116fb
 .debug_line    0x00000000      0xa5b ./Core/Src/CST816S.o
 .debug_line    0x00000a5b      0xad4 ./Core/Src/main.o
 .debug_line    0x0000152f      0x7e6 ./Core/Src/stm32f3xx_hal_msp.o
 .debug_line    0x00001d15      0x812 ./Core/Src/stm32f3xx_it.o
 .debug_line    0x00002527      0x588 ./Core/Src/sysmem.o
 .debug_line    0x00002aaf      0x7b8 ./Core/Src/system_stm32f3xx.o
 .debug_line    0x00003267       0x7a ./Core/Startup/startup_stm32f303cctx.o
 .debug_line    0x000032e1     0x1182 ./Core/drivers/display/gc9a01a.o
 .debug_line    0x00004463      0x784 ./Core/drivers/game/app.o
 .debug_line    0x00004be7      0x3ff ./Core/drivers/game/ball_img.o
 .debug_line    0x00004fe6      0xb6a ./Core/drivers/game/game.o
 .debug_line    0x00005b50      0x6b6 ./Core/drivers/game/player.o
 .debug_line    0x00006206      0x44c ./Core/drivers/game/world.o
 .debug_line    0x00006652      0xb24 ./Core/drivers/imu/mpu6050.o
 .debug_line    0x00007176      0x9f4 ./Drivers/STM32F3xx_HAL_Driver/Src/stm32f3xx_hal.o
 .debug_line    0x00007b6a      0xcbf ./Drivers/STM32F3xx_HAL_Driver/Src/stm32f3xx_hal_cortex.o
 .debug_line    0x00008829      0xb3f ./Drivers/STM32F3xx_HAL_Driver/Src/stm32f3xx_hal_gpio.o
 .debug_line    0x00009368     0x3745 ./Drivers/STM32F3xx_HAL_Driver/Src/stm32f3xx_hal_i2c.o
 .debug_line    0x0000caad      0x8a4 ./Drivers/STM32F3xx_HAL_Driver/Src/stm32f3xx_hal_i2c_ex.o
 .debug_line    0x0000d351     0x1553 ./Drivers/STM32F3xx_HAL_Driver/Src/stm32f3xx_hal_rcc.o
 .debug_line    0x0000e8a4      0xd90 ./Drivers/STM32F3xx_HAL_Driver/Src/stm32f3xx_hal_rcc_ex.o
 .debug_line    0x0000f634     0x20c7 ./Drivers/STM32F3xx_HAL_Driver/Src/stm32f3xx_hal_spi.o

.debug_str      0x00000000    0xadf0c
 .debug_str     0x00000000    0xadf0c ./Core/Src/CST816S.o
                              0xaa418 (size before relaxing)
 .debug_str     0x000adf0c    0xaa49f ./Core/Src/main.o
 .debug_str     0x000adf0c    0xa5c88 ./Core/Src/stm32f3xx_hal_msp.o
 .debug_str     0x000adf0c    0xa557e ./Core/Src/stm32f3xx_it.o
 .debug_str     0x000adf0c     0x7796 ./Core/Src/sysmem.o
 .debug_str     0x000adf0c    0xa5414 ./Core/Src/system_stm32f3xx.o
 .debug_str     0x000adf0c       0x98 ./Core/Startup/startup_stm32f303cctx.o
 .debug_str     0x000adf0c    0xa99a2 ./Core/drivers/display/gc9a01a.o
 .debug_str     0x000adf0c    0xa53b5 ./Core/drivers/game/app.o
 .debug_str     0x000adf0c     0x3dd4 ./Core/drivers/game/ball_img.o
 .debug_str     0x000adf0c    0xa67c9 ./Core/drivers/game/game.o
 .debug_str     0x000adf0c     0x7c2d ./Core/drivers/game/player.o
 .debug_str     0x000adf0c     0x3e23 ./Core/drivers/game/world.o
 .debug_str     0x000adf0c    0xa9225 ./Core/drivers/imu/mpu6050.o
 .debug_str     0x000adf0c    0xa5c52 ./Drivers/STM32F3xx_HAL_Driver/Src/stm32f3xx_hal.o
 .debug_str     0x000adf0c    0xa5cd6 ./Drivers/STM32F3xx_HAL_Driver/Src/stm32f3xx_hal_cortex.o
 .debug_str     0x000adf0c    0xa5581 ./Drivers/STM32F3xx_HAL_Driver/Src/stm32f3xx_hal_gpio.o
 .debug_str     0x000adf0c    0xa6714 ./Drivers/STM32F3xx_HAL_Driver/Src/stm32f3xx_hal_i2c.o
 .debug_str     0x000adf0c    0xa590b ./Drivers/STM32F3xx_HAL_Driver/Src/stm32f3xx_hal_i2c_ex.o
 .debug_str     0x000adf0c    0xa58b4 ./Drivers/STM32F3xx_HAL_Driver/Src/stm32f3xx_hal_rcc.o
 .debug_str     0x000adf0c    0xa5678 ./Drivers/STM32F3xx_HAL_Driver/Src/stm32f3xx_hal_rcc_ex.o
 .debug_str     0x000adf0c    0xa5d3a ./Drivers/STM32F3xx_HAL_Driver/Src/stm32f3xx_hal_spi.o

.comment        0x00000000       0x43
 .comment       0x00000000       0x43 ./Core/Src/CST816S.o
                                 0x44 (size before relaxing)
 .comment       0x00000043       0x44 ./Core/Src/main.o
 .comment       0x00000043       0x44 ./Core/Src/stm32f3xx_hal_msp.o
 .comment       0x00000043       0x44 ./Core/Src/stm32f3xx_it.o
 .comment       0x00000043       0x44 ./Core/Src/sysmem.o
 .comment       0x00000043       0x44 ./Core/Src/system_stm32f3xx.o
 .comment       0x00000043       0x44 ./Core/drivers/display/gc9a01a.o
 .comment       0x00000043       0x44 ./Core/drivers/game/app.o
 .comment       0x00000043       0x44 ./Core/drivers/game/ball_img.o
 .comment       0x00000043       0x44 ./Core/drivers/game/game.o
 .comment       0x00000043       0x44 ./Core/drivers/game/player.o
 .comment       0x00000043       0x44 ./Core/drivers/game/world.o
 .comment       0x00000043       0x44 ./Core/drivers/imu/mpu6050.o
 .comment       0x00000043       0x44 ./Drivers/STM32F3xx_HAL_Driver/Src/stm32f3xx_hal.o
 .comment       0x00000043       0x44 ./Drivers/STM32F3xx_HAL_Driver/Src/stm32f3xx_hal_cortex.o
 .comment       0x00000043       0x44 ./Drivers/STM32F3xx_HAL_Driver/Src/stm32f3xx_hal_gpio.o
 .comment       0x00000043       0x44 ./Drivers/STM32F3xx_HAL_Driver/Src/stm32f3xx_hal_i2c.o
 .comment       0x00000043       0x44 ./Drivers/STM32F3xx_HAL_Driver/Src/stm32f3xx_hal_i2c_ex.o
 .comment       0x00000043       0x44 ./Drivers/STM32F3xx_HAL_Driver/Src/stm32f3xx_hal_rcc.o
 .comment       0x00000043       0x44 ./Drivers/STM32F3xx_HAL_Driver/Src/stm32f3xx_hal_rcc_ex.o
 .comment       0x00000043       0x44 ./Drivers/STM32F3xx_HAL_Driver/Src/stm32f3xx_hal_spi.o

.debug_frame    0x00000000     0x3238
 .debug_frame   0x00000000      0x140 ./Core/Src/CST816S.o
 .debug_frame   0x00000140       0xc8 ./Core/Src/main.o
 .debug_frame   0x00000208       0xc8 ./Core/Src/stm32f3xx_hal_msp.o
 .debug_frame   0x000002d0      0x120 ./Core/Src/stm32f3xx_it.o
 .debug_frame   0x000003f0       0x34 ./Core/Src/sysmem.o
 .debug_frame   0x00000424       0x58 ./Core/Src/system_stm32f3xx.o
 .debug_frame   0x0000047c      0x408 ./Core/drivers/display/gc9a01a.o
 .debug_frame   0x00000884       0x4c ./Core/drivers/game/app.o
 .debug_frame   0x000008d0      0x1c8 ./Core/drivers/game/game.o
 .debug_frame   0x00000a98       0xa8 ./Core/drivers/game/player.o
 .debug_frame   0x00000b40       0x38 ./Core/drivers/game/world.o
 .debug_frame   0x00000b78      0x130 ./Core/drivers/imu/mpu6050.o
 .debug_frame   0x00000ca8      0x334 ./Drivers/STM32F3xx_HAL_Driver/Src/stm32f3xx_hal.o
 .debug_frame   0x00000fdc      0x4e8 ./Drivers/STM32F3xx_HAL_Driver/Src/stm32f3xx_hal_cortex.o
 .debug_frame   0x000014c4      0x14c ./Drivers/STM32F3xx_HAL_Driver/Src/stm32f3xx_hal_gpio.o
 .debug_frame   0x00001610      0xc38 ./Drivers/STM32F3xx_HAL_Driver/Src/stm32f3xx_hal_i2c.o
 .debug_frame   0x00002248      0x100 ./Drivers/STM32F3xx_HAL_Driver/Src/stm32f3xx_hal_i2c_ex.o
 .debug_frame   0x00002348      0x214 ./Drivers/STM32F3xx_HAL_Driver/Src/stm32f3xx_hal_rcc.o
 .debug_frame   0x0000255c       0xb0 ./Drivers/STM32F3xx_HAL_Driver/Src/stm32f3xx_hal_rcc_ex.o
 .debug_frame   0x0000260c      0x860 ./Drivers/STM32F3xx_HAL_Driver/Src/stm32f3xx_hal_spi.o
 .debug_frame   0x00002e6c       0x30 C:/ST/STM32CubeIDE_1.19.0/STM32CubeIDE/plugins/com.st.stm32cube.ide.mcu.externaltools.gnu-tools-for-stm32.13.3.rel1.win32_1.0.0.202411081344/tools/bin/../lib/gcc/arm-none-eabi/13.3.1/../../../../arm-none-eabi/lib/thumb/v7e-m+fp/hard\libc_nano.a(libc_a-malloc.o)
 .debug_frame   0x00002e9c       0x50 C:/ST/STM32CubeIDE_1.19.0/STM32CubeIDE/plugins/com.st.stm32cube.ide.mcu.externaltools.gnu-tools-for-stm32.13.3.rel1.win32_1.0.0.202411081344/tools/bin/../lib/gcc/arm-none-eabi/13.3.1/../../../../arm-none-eabi/lib/thumb/v7e-m+fp/hard\libc_nano.a(libc_a-mallocr.o)
 .debug_frame   0x00002eec       0x30 C:/ST/STM32CubeIDE_1.19.0/STM32CubeIDE/plugins/com.st.stm32cube.ide.mcu.externaltools.gnu-tools-for-stm32.13.3.rel1.win32_1.0.0.202411081344/tools/bin/../lib/gcc/arm-none-eabi/13.3.1/../../../../arm-none-eabi/lib/thumb/v7e-m+fp/hard\libc_nano.a(libc_a-mlock.o)
 .debug_frame   0x00002f1c      0x144 C:/ST/STM32CubeIDE_1.19.0/STM32CubeIDE/plugins/com.st.stm32cube.ide.mcu.externaltools.gnu-tools-for-stm32.13.3.rel1.win32_1.0.0.202411081344/tools/bin/../lib/gcc/arm-none-eabi/13.3.1/../../../../arm-none-eabi/lib/thumb/v7e-m+fp/hard\libc_nano.a(libc_a-findfp.o)
 .debug_frame   0x00003060       0x20 C:/ST/STM32CubeIDE_1.19.0/STM32CubeIDE/plugins/com.st.stm32cube.ide.mcu.externaltools.gnu-tools-for-stm32.13.3.rel1.win32_1.0.0.202411081344/tools/bin/../lib/gcc/arm-none-eabi/13.3.1/../../../../arm-none-eabi/lib/thumb/v7e-m+fp/hard\libc_nano.a(libc_a-memset.o)
 .debug_frame   0x00003080       0x38 C:/ST/STM32CubeIDE_1.19.0/STM32CubeIDE/plugins/com.st.stm32cube.ide.mcu.externaltools.gnu-tools-for-stm32.13.3.rel1.win32_1.0.0.202411081344/tools/bin/../lib/gcc/arm-none-eabi/13.3.1/../../../../arm-none-eabi/lib/thumb/v7e-m+fp/hard\libc_nano.a(libc_a-reent.o)
 .debug_frame   0x000030b8       0x2c C:/ST/STM32CubeIDE_1.19.0/STM32CubeIDE/plugins/com.st.stm32cube.ide.mcu.externaltools.gnu-tools-for-stm32.13.3.rel1.win32_1.0.0.202411081344/tools/bin/../lib/gcc/arm-none-eabi/13.3.1/../../../../arm-none-eabi/lib/thumb/v7e-m+fp/hard\libc_nano.a(libc_a-sbrkr.o)
 .debug_frame   0x000030e4       0x20 C:/ST/STM32CubeIDE_1.19.0/STM32CubeIDE/plugins/com.st.stm32cube.ide.mcu.externaltools.gnu-tools-for-stm32.13.3.rel1.win32_1.0.0.202411081344/tools/bin/../lib/gcc/arm-none-eabi/13.3.1/../../../../arm-none-eabi/lib/thumb/v7e-m+fp/hard\libc_nano.a(libc_a-errno.o)
 .debug_frame   0x00003104       0x2c C:/ST/STM32CubeIDE_1.19.0/STM32CubeIDE/plugins/com.st.stm32cube.ide.mcu.externaltools.gnu-tools-for-stm32.13.3.rel1.win32_1.0.0.202411081344/tools/bin/../lib/gcc/arm-none-eabi/13.3.1/../../../../arm-none-eabi/lib/thumb/v7e-m+fp/hard\libc_nano.a(libc_a-init.o)
 .debug_frame   0x00003130       0xb0 C:/ST/STM32CubeIDE_1.19.0/STM32CubeIDE/plugins/com.st.stm32cube.ide.mcu.externaltools.gnu-tools-for-stm32.13.3.rel1.win32_1.0.0.202411081344/tools/bin/../lib/gcc/arm-none-eabi/13.3.1/../../../../arm-none-eabi/lib/thumb/v7e-m+fp/hard\libc_nano.a(libc_a-lock.o)
 .debug_frame   0x000031e0       0x38 C:/ST/STM32CubeIDE_1.19.0/STM32CubeIDE/plugins/com.st.stm32cube.ide.mcu.externaltools.gnu-tools-for-stm32.13.3.rel1.win32_1.0.0.202411081344/tools/bin/../lib/gcc/arm-none-eabi/13.3.1/../../../../arm-none-eabi/lib/thumb/v7e-m+fp/hard\libm.a(libm_a-wf_sqrt.o)
 .debug_frame   0x00003218       0x20 C:/ST/STM32CubeIDE_1.19.0/STM32CubeIDE/plugins/com.st.stm32cube.ide.mcu.externaltools.gnu-tools-for-stm32.13.3.rel1.win32_1.0.0.202411081344/tools/bin/../lib/gcc/arm-none-eabi/13.3.1/../../../../arm-none-eabi/lib/thumb/v7e-m+fp/hard\libm.a(libm_a-ef_sqrt.o)

.debug_line_str
                0x00000000       0x7c
 .debug_line_str
                0x00000000       0x7c ./Core/Startup/startup_stm32f303cctx.o
