../Core/Src/main.c:86:6:printmsg	112	static
../Core/Src/main.c:103:5:main	8	static
../Core/Src/main.c:162:6:SystemClock_Config	128	static
../Core/Src/main.c:209:13:MX_SPI1_Init	8	static
../Core/Src/main.c:249:13:MX_USART1_UART_Init	8	static
../Core/Src/main.c:282:13:MX_DMA_Init	16	static
../Core/Src/main.c:303:13:MX_GPIO_Init	48	static
../Core/Src/main.c:353:6:HAL_UARTEx_RxEventCallback	16	static
../Core/Src/main.c:378:6:HAL_GPIO_EXTI_Callback	16	static
../Core/Src/main.c:389:6:Error_Handler	4	static,ignoring_inline_asm
