../Core/drivers/display/gc9a01a.c:68:20:gc9a01a_cs_low_internal	4	static
../Core/drivers/display/gc9a01a.c:80:20:gc9a01a_cs_high_internal	4	static
../Core/drivers/display/gc9a01a.c:89:20:gc9a01a_dc_command	4	static
../Core/drivers/display/gc9a01a.c:94:20:gc9a01a_dc_data	4	static
../Core/drivers/display/gc9a01a.c:99:20:gc9a01a_begin_transaction	8	static
../Core/drivers/display/gc9a01a.c:104:20:gc9a01a_end_transaction	8	static
../Core/drivers/display/gc9a01a.c:109:13:gc9a01a_hw_reset	8	static
../Core/drivers/display/gc9a01a.c:123:13:gc9a01a_bus_write_bytes	24	static
../Core/drivers/display/gc9a01a.c:171:13:gc9a01a_write_cmd_only	16	static
../Core/drivers/display/gc9a01a.c:177:13:gc9a01a_write_data_only	16	static
../Core/drivers/display/gc9a01a.c:183:13:gc9a01a_write_cmd	16	static
../Core/drivers/display/gc9a01a.c:190:13:gc9a01a_write_data	16	static
../Core/drivers/display/gc9a01a.c:197:13:gc9a01a_write_u16_color	24	static
../Core/drivers/display/gc9a01a.c:209:13:gc9a01a_prepare_color_line	24	static
../Core/drivers/display/gc9a01a.c:231:6:gc9a01a_set_address_window	32	static
../Core/drivers/display/gc9a01a.c:256:13:gc9a01a_set_address_window_stream	32	static
../Core/drivers/display/gc9a01a.c:281:13:gc9a01a_init_sequence	24	static
../Core/drivers/display/gc9a01a.c:408:6:bsp_lcd_init	8	static
../Core/drivers/display/gc9a01a.c:422:6:gc9a01a_draw_pixel	24	static
../Core/drivers/display/gc9a01a.c:439:13:gc9a01a_write_char	40	static
../Core/drivers/display/gc9a01a.c:466:6:gc9a01a_write_string	32	static
../Core/drivers/display/gc9a01a.c:497:6:gc9a01a_fill_rect	32	static
../Core/drivers/display/gc9a01a.c:527:6:gc9a01a_fill_screen	24	static
../Core/drivers/display/gc9a01a.c:532:6:gc9a01a_set_orientation	24	static
../Core/drivers/display/gc9a01a.c:557:6:gc9a01a_draw_image	512	static
../Core/drivers/display/gc9a01a.c:597:6:gc9a01a_invert_colors	16	static
../Core/drivers/display/gc9a01a.c:604:6:gc9a01a_lcd_fill_image	24	static
../Core/drivers/display/gc9a01a.c:613:6:gc9a01a_fill_circle	56	static
