../Drivers/STM32F3xx_HAL_Driver/Src/stm32f3xx_hal_dma.c:136:19:HAL_DMA_Init	24	static
../Drivers/STM32F3xx_HAL_Driver/Src/stm32f3xx_hal_dma.c:198:19:HAL_DMA_DeInit	16	static
../Drivers/STM32F3xx_HAL_Driver/Src/stm32f3xx_hal_dma.c:280:19:HAL_DMA_Start	32	static
../Drivers/STM32F3xx_HAL_Driver/Src/stm32f3xx_hal_dma.c:327:19:HAL_DMA_Start_IT	32	static
../Drivers/STM32F3xx_HAL_Driver/Src/stm32f3xx_hal_dma.c:383:19:HAL_DMA_Abort	16	static
../Drivers/STM32F3xx_HAL_Driver/Src/stm32f3xx_hal_dma.c:427:19:HAL_DMA_Abort_IT	24	static
../Drivers/STM32F3xx_HAL_Driver/Src/stm32f3xx_hal_dma.c:472:19:HAL_DMA_PollForTransfer	32	static
../Drivers/STM32F3xx_HAL_Driver/Src/stm32f3xx_hal_dma.c:573:6:HAL_DMA_IRQHandler	24	static
../Drivers/STM32F3xx_HAL_Driver/Src/stm32f3xx_hal_dma.c:665:19:HAL_DMA_RegisterCallback	32	static
../Drivers/STM32F3xx_HAL_Driver/Src/stm32f3xx_hal_dma.c:716:19:HAL_DMA_UnRegisterCallback	24	static
../Drivers/STM32F3xx_HAL_Driver/Src/stm32f3xx_hal_dma.c:792:22:HAL_DMA_GetState	16	static
../Drivers/STM32F3xx_HAL_Driver/Src/stm32f3xx_hal_dma.c:803:10:HAL_DMA_GetError	16	static
../Drivers/STM32F3xx_HAL_Driver/Src/stm32f3xx_hal_dma.c:829:13:DMA_SetConfig	24	static
../Drivers/STM32F3xx_HAL_Driver/Src/stm32f3xx_hal_dma.c:863:13:DMA_CalcBaseAndBitshift	16	static
