Archive member included to satisfy reference by file (symbol)

C:/ST/STM32CubeIDE_1.15.0/STM32CubeIDE/plugins/com.st.stm32cube.ide.mcu.externaltools.gnu-tools-for-stm32.12.3.rel1.win32_1.0.100.202403111256/tools/bin/../lib/gcc/arm-none-eabi/12.3.1/../../../../arm-none-eabi/lib/thumb/v7e-m+fp/hard\libc_nano.a(libc_a-exit.o)
                              C:/ST/STM32CubeIDE_1.15.0/STM32CubeIDE/plugins/com.st.stm32cube.ide.mcu.externaltools.gnu-tools-for-stm32.12.3.rel1.win32_1.0.100.202403111256/tools/bin/../lib/gcc/arm-none-eabi/12.3.1/../../../../arm-none-eabi/lib/thumb/v7e-m+fp/hard/crt0.o (exit)
C:/ST/STM32CubeIDE_1.15.0/STM32CubeIDE/plugins/com.st.stm32cube.ide.mcu.externaltools.gnu-tools-for-stm32.12.3.rel1.win32_1.0.100.202403111256/tools/bin/../lib/gcc/arm-none-eabi/12.3.1/../../../../arm-none-eabi/lib/thumb/v7e-m+fp/hard\libc_nano.a(libc_a-findfp.o)
                              C:/ST/STM32CubeIDE_1.15.0/STM32CubeIDE/plugins/com.st.stm32cube.ide.mcu.externaltools.gnu-tools-for-stm32.12.3.rel1.win32_1.0.100.202403111256/tools/bin/../lib/gcc/arm-none-eabi/12.3.1/../../../../arm-none-eabi/lib/thumb/v7e-m+fp/hard\libc_nano.a(libc_a-exit.o) (__stdio_exit_handler)
C:/ST/STM32CubeIDE_1.15.0/STM32CubeIDE/plugins/com.st.stm32cube.ide.mcu.externaltools.gnu-tools-for-stm32.12.3.rel1.win32_1.0.100.202403111256/tools/bin/../lib/gcc/arm-none-eabi/12.3.1/../../../../arm-none-eabi/lib/thumb/v7e-m+fp/hard\libc_nano.a(libc_a-fwalk.o)
                              C:/ST/STM32CubeIDE_1.15.0/STM32CubeIDE/plugins/com.st.stm32cube.ide.mcu.externaltools.gnu-tools-for-stm32.12.3.rel1.win32_1.0.100.202403111256/tools/bin/../lib/gcc/arm-none-eabi/12.3.1/../../../../arm-none-eabi/lib/thumb/v7e-m+fp/hard\libc_nano.a(libc_a-findfp.o) (_fwalk_sglue)
C:/ST/STM32CubeIDE_1.15.0/STM32CubeIDE/plugins/com.st.stm32cube.ide.mcu.externaltools.gnu-tools-for-stm32.12.3.rel1.win32_1.0.100.202403111256/tools/bin/../lib/gcc/arm-none-eabi/12.3.1/../../../../arm-none-eabi/lib/thumb/v7e-m+fp/hard\libc_nano.a(libc_a-stdio.o)
                              C:/ST/STM32CubeIDE_1.15.0/STM32CubeIDE/plugins/com.st.stm32cube.ide.mcu.externaltools.gnu-tools-for-stm32.12.3.rel1.win32_1.0.100.202403111256/tools/bin/../lib/gcc/arm-none-eabi/12.3.1/../../../../arm-none-eabi/lib/thumb/v7e-m+fp/hard\libc_nano.a(libc_a-findfp.o) (__sread)
C:/ST/STM32CubeIDE_1.15.0/STM32CubeIDE/plugins/com.st.stm32cube.ide.mcu.externaltools.gnu-tools-for-stm32.12.3.rel1.win32_1.0.100.202403111256/tools/bin/../lib/gcc/arm-none-eabi/12.3.1/../../../../arm-none-eabi/lib/thumb/v7e-m+fp/hard\libc_nano.a(libc_a-memset.o)
                              C:/ST/STM32CubeIDE_1.15.0/STM32CubeIDE/plugins/com.st.stm32cube.ide.mcu.externaltools.gnu-tools-for-stm32.12.3.rel1.win32_1.0.100.202403111256/tools/bin/../lib/gcc/arm-none-eabi/12.3.1/../../../../arm-none-eabi/lib/thumb/v7e-m+fp/hard/crt0.o (memset)
C:/ST/STM32CubeIDE_1.15.0/STM32CubeIDE/plugins/com.st.stm32cube.ide.mcu.externaltools.gnu-tools-for-stm32.12.3.rel1.win32_1.0.100.202403111256/tools/bin/../lib/gcc/arm-none-eabi/12.3.1/../../../../arm-none-eabi/lib/thumb/v7e-m+fp/hard\libc_nano.a(libc_a-closer.o)
                              C:/ST/STM32CubeIDE_1.15.0/STM32CubeIDE/plugins/com.st.stm32cube.ide.mcu.externaltools.gnu-tools-for-stm32.12.3.rel1.win32_1.0.100.202403111256/tools/bin/../lib/gcc/arm-none-eabi/12.3.1/../../../../arm-none-eabi/lib/thumb/v7e-m+fp/hard\libc_nano.a(libc_a-stdio.o) (_close_r)
C:/ST/STM32CubeIDE_1.15.0/STM32CubeIDE/plugins/com.st.stm32cube.ide.mcu.externaltools.gnu-tools-for-stm32.12.3.rel1.win32_1.0.100.202403111256/tools/bin/../lib/gcc/arm-none-eabi/12.3.1/../../../../arm-none-eabi/lib/thumb/v7e-m+fp/hard\libc_nano.a(libc_a-reent.o)
                              C:/ST/STM32CubeIDE_1.15.0/STM32CubeIDE/plugins/com.st.stm32cube.ide.mcu.externaltools.gnu-tools-for-stm32.12.3.rel1.win32_1.0.100.202403111256/tools/bin/../lib/gcc/arm-none-eabi/12.3.1/../../../../arm-none-eabi/lib/thumb/v7e-m+fp/hard\libc_nano.a(libc_a-closer.o) (errno)
C:/ST/STM32CubeIDE_1.15.0/STM32CubeIDE/plugins/com.st.stm32cube.ide.mcu.externaltools.gnu-tools-for-stm32.12.3.rel1.win32_1.0.100.202403111256/tools/bin/../lib/gcc/arm-none-eabi/12.3.1/../../../../arm-none-eabi/lib/thumb/v7e-m+fp/hard\libc_nano.a(libc_a-impure.o)
                              C:/ST/STM32CubeIDE_1.15.0/STM32CubeIDE/plugins/com.st.stm32cube.ide.mcu.externaltools.gnu-tools-for-stm32.12.3.rel1.win32_1.0.100.202403111256/tools/bin/../lib/gcc/arm-none-eabi/12.3.1/../../../../arm-none-eabi/lib/thumb/v7e-m+fp/hard\libc_nano.a(libc_a-reent.o) (_impure_ptr)
C:/ST/STM32CubeIDE_1.15.0/STM32CubeIDE/plugins/com.st.stm32cube.ide.mcu.externaltools.gnu-tools-for-stm32.12.3.rel1.win32_1.0.100.202403111256/tools/bin/../lib/gcc/arm-none-eabi/12.3.1/../../../../arm-none-eabi/lib/thumb/v7e-m+fp/hard\libc_nano.a(libc_a-lseekr.o)
[...]
Memory Configuration

Name             Origin             Length             Attributes
CCMRAM           0x10000000         0x00002000         xrw
RAM              0x20000000         0x0000a000         xrw
FLASH            0x08000000         0x00040000         xr
*default*        0x00000000         0xffffffff

Linker script and memory map

LOAD C:/ST/STM32CubeIDE_1.15.0/STM32CubeIDE/plugins/com.st.stm32cube.ide.mcu.externaltools.gnu-tools-for-stm32.12.3.rel1.win32_1.0.100.202403111256/tools/bin/../lib/gcc/arm-none-eabi/12.3.1/thumb/v7e-m+fp/hard/crti.o
LOAD C:/ST/STM32CubeIDE_1.15.0/STM32CubeIDE/plugins/com.st.stm32cube.ide.mcu.externaltools.gnu-tools-for-stm32.12.3.rel1.win32_1.0.100.202403111256/tools/bin/../lib/gcc/arm-none-eabi/12.3.1/thumb/v7e-m+fp/hard/crtbegin.o
LOAD C:/ST/STM32CubeIDE_1.15.0/STM32CubeIDE/plugins/com.st.stm32cube.ide.mcu.externaltools.gnu-tools-for-stm32.12.3.rel1.win32_1.0.100.202403111256/tools/bin/../lib/gcc/arm-none-eabi/12.3.1/../../../../arm-none-eabi/lib/thumb/v7e-m+fp/hard/crt0.o
LOAD ./Core/Src/main.o
LOAD ./Core/Src/pwm.o
LOAD ./Core/Src/stm32f3xx_hal_msp.o
LOAD ./Core/Src/stm32f3xx_it.o
LOAD ./Core/Src/syscalls.o
LOAD ./Core/Src/sysmem.o
LOAD ./Core/Src/system_stm32f3xx.o
LOAD ./Core/Startup/startup_stm32f303cctx.o
LOAD ./Drivers/STM32F3xx_HAL_Driver/Src/stm32f3xx_hal.o
LOAD ./Drivers/STM32F3xx_HAL_Driver/Src/stm32f3xx_hal_cortex.o
LOAD ./Drivers/STM32F3xx_HAL_Driver/Src/stm32f3xx_hal_dma.o
LOAD ./Drivers/STM32F3xx_HAL_Driver/Src/stm32f3xx_hal_exti.o
LOAD ./Drivers/STM32F3xx_HAL_Driver/Src/stm32f3xx_hal_flash.o
LOAD ./Drivers/STM32F3xx_HAL_Driver/Src/stm32f3xx_hal_flash_ex.o
LOAD ./Drivers/STM32F3xx_HAL_Driver/Src/stm32f3xx_hal_gpio.o
LOAD ./Drivers/STM32F3xx_HAL_Driver/Src/stm32f3xx_hal_i2c.o
LOAD ./Drivers/STM32F3xx_HAL_Driver/Src/stm32f3xx_hal_i2c_ex.o
LOAD ./Drivers/STM32F3xx_HAL_Driver/Src/stm32f3xx_hal_pwr.o
LOAD ./Drivers/STM32F3xx_HAL_Driver/Src/stm32f3xx_hal_pwr_ex.o
LOAD ./Drivers/STM32F3xx_HAL_Driver/Src/stm32f3xx_hal_rcc.o
LOAD ./Drivers/STM32F3xx_HAL_Driver/Src/stm32f3xx_hal_rcc_ex.o
LOAD ./Drivers/STM32F3xx_HAL_Driver/Src/stm32f3xx_hal_tim.o
LOAD ./Drivers/STM32F3xx_HAL_Driver/Src/stm32f3xx_hal_tim_ex.o
START GROUP
LOAD C:/ST/STM32CubeIDE_1.15.0/STM32CubeIDE/plugins/com.st.stm32cube.ide.mcu.externaltools.gnu-tools-for-stm32.12.3.rel1.win32_1.0.100.202403111256/tools/bin/../lib/gcc/arm-none-eabi/12.3.1/../../../../arm-none-eabi/lib/thumb/v7e-m+fp/hard\libc_nano.a
LOAD C:/ST/STM32CubeIDE_1.15.0/STM32CubeIDE/plugins/com.st.stm32cube.ide.mcu.externaltools.gnu-tools-for-stm32.12.3.rel1.win32_1.0.100.202403111256/tools/bin/../lib/gcc/arm-none-eabi/12.3.1/../../../../arm-none-eabi/lib/thumb/v7e-m+fp/hard\libm.a
END GROUP
START GROUP
LOAD C:/ST/STM32CubeIDE_1.15.0/STM32CubeIDE/plugins/com.st.stm32cube.ide.mcu.externaltools.gnu-tools-for-stm32.12.3.rel1.win32_1.0.100.202403111256/tools/bin/../lib/gcc/arm-none-eabi/12.3.1/thumb/v7e-m+fp/hard\libgcc.a
LOAD C:/ST/STM32CubeIDE_1.15.0/STM32CubeIDE/plugins/com.st.stm32cube.ide.mcu.externaltools.gnu-tools-for-stm32.12.3.rel1.win32_1.0.100.202403111256/tools/bin/../lib/gcc/arm-none-eabi/12.3.1/../../../../arm-none-eabi/lib/thumb/v7e-m+fp/hard\libc_nano.a
END GROUP
START GROUP
LOAD C:/ST/STM32CubeIDE_1.15.0/STM32CubeIDE/plugins/com.st.stm32cube.ide.mcu.externaltools.gnu-tools-for-stm32.12.3.rel1.win32_1.0.100.202403111256/tools/bin/../lib/gcc/arm-none-eabi/12.3.1/thumb/v7e-m+fp/hard\libgcc.a
LOAD C:/ST/STM32CubeIDE_1.15.0/STM32CubeIDE/plugins/com.st.stm32cube.ide.mcu.externaltools.gnu-tools-for-stm32.12.3.rel1.win32_1.0.100.202403111256/tools/bin/../lib/gcc/arm-none-eabi/12.3.1/../../../../arm-none-eabi/lib/thumb/v7e-m+fp/hard\libc_nano.a
LOAD C:/ST/STM32CubeIDE_1.15.0/STM32CubeIDE/plugins/com.st.stm32cube.ide.mcu.externaltools.gnu-tools-for-stm32.12.3.rel1.win32_1.0.100.202403111256/tools/bin/../lib/gcc/arm-none-eabi/12.3.1/../../../../arm-none-eabi/lib/thumb/v7e-m+fp/hard\libnosys.a
END GROUP
START GROUP
LOAD C:/ST/STM32CubeIDE_1.15.0/STM32CubeIDE/plugins/com.st.stm32cube.ide.mcu.externaltools.gnu-tools-for-stm32.12.3.rel1.win32_1.0.100.202403111256/tools/bin/../lib/gcc/arm-none-eabi/12.3.1/thumb/v7e-m+fp/hard\libgcc.a
LOAD C:/ST/STM32CubeIDE_1.15.0/STM32CubeIDE/plugins/com.st.stm32cube.ide.mcu.externaltools.gnu-tools-for-stm32.12.3.rel1.win32_1.0.100.202403111256/tools/bin/../lib/gcc/arm-none-eabi/12.3.1/../../../../arm-none-eabi/lib/thumb/v7e-m+fp/hard\libc_nano.a
LOAD C:/ST/STM32CubeIDE_1.15.0/STM32CubeIDE/plugins/com.st.stm32cube.ide.mcu.externaltools.gnu-tools-for-stm32.12.3.rel1.win32_1.0.100.202403111256/tools/bin/../lib/gcc/arm-none-eabi/12.3.1/../../../../arm-none-eabi/lib/thumb/v7e-m+fp/hard\libnosys.a
END GROUP
LOAD C:/ST/STM32CubeIDE_1.15.0/STM32CubeIDE/plugins/com.st.stm32cube.ide.mcu.externaltools.gnu-tools-for-stm32.12.3.rel1.win32_1.0.100.202403111256/tools/bin/../lib/gcc/arm-none-eabi/12.3.1/thumb/v7e-m+fp/hard/crtend.o
LOAD C:/ST/STM32CubeIDE_1.15.0/STM32CubeIDE/plugins/com.st.stm32cube.ide.mcu.externaltools.gnu-tools-for-stm32.12.3.rel1.win32_1.0.100.202403111256/tools/bin/../lib/gcc/arm-none-eabi/12.3.1/thumb/v7e-m+fp/hard/crtn.o
                0x2000a000                        _estack = (ORIGIN (RAM) + LENGTH (RAM))
                0x00000200                        _Min_Heap_Size = 0x200
                0x00000400                        _Min_Stack_Size = 0x400

.isr_vector     0x08000000      0x188
                0x08000000                        . = ALIGN (0x4)
 *(.isr_vector)
 .isr_vector    0x08000000      0x188 ./Core/Startup/startup_stm32f303cctx.o
                0x08000000                g_pfnVectors
                0x08000188                        . = ALIGN (0x4)

.text           0x08000188     0x2d1c
                0x08000188                        . = ALIGN (0x4)
 *(.text)
 .text          0x08000188       0x40 C:/ST/STM32CubeIDE_1.15.0/STM32CubeIDE/plugins/com.st.stm32cube.ide.mcu.externaltools.gnu-tools-for-stm32.12.3.rel1.win32_1.0.100.202403111256/tools/bin/../lib/gcc/arm-none-eabi/12.3.1/thumb/v7e-m+fp/hard/crtbegin.o
 *(.text*)
 .text.main     0x080001c8       0x50 ./Core/Src/main.o
                0x080001c8                main
 .text.SystemClock_Config
                0x08000218       0x8a ./Core/Src/main.o
                0x08000218                SystemClock_Config
 *fill*         0x080002a2        0x2 
 .text.MX_TIM2_Init
                0x080002a4       0xe0 ./Core/Src/main.o
 .text.MX_GPIO_Init
                0x08000384       0x48 ./Core/Src/main.o
 .text.Error_Handler
                0x080003cc        0xc ./Core/Src/main.o
                0x080003cc                Error_Handler
 .text.pwm_led  0x080003d8      0x18c ./Core/Src/pwm.o
                0x080003d8                pwm_led
 .text.HAL_MspInit
                0x08000564       0x48 ./Core/Src/stm32f3xx_hal_msp.o
                0x08000564                HAL_MspInit
 .text.HAL_TIM_PWM_MspInit
                0x080005ac       0x3c ./Core/Src/stm32f3xx_hal_msp.o
                0x080005ac                HAL_TIM_PWM_MspInit
 .text.HAL_TIM_MspPostInit
                0x080005e8       0x68 ./Core/Src/stm32f3xx_hal_msp.o
                0x080005e8                HAL_TIM_MspPostInit
 .text.NMI_Handler
                0x08000650        0x8 ./Core/Src/stm32f3xx_it.o
                0x08000650                NMI_Handler
 .text.HardFault_Handler
                0x08000658        0x8 ./Core/Src/stm32f3xx_it.o
                0x08000658                HardFault_Handler
 .text.MemManage_Handler
                0x08000660        0x8 ./Core/Src/stm32f3xx_it.o
                0x08000660                MemManage_Handler
 .text.BusFault_Handler
                0x08000668        0x8 ./Core/Src/stm32f3xx_it.o
                0x08000668                BusFault_Handler
 .text.UsageFault_Handler
                0x08000670        0x8 ./Core/Src/stm32f3xx_it.o
                0x08000670                UsageFault_Handler
 .text.SVC_Handler
                0x08000678        0xe ./Core/Src/stm32f3xx_it.o
                0x08000678                SVC_Handler
 .text.DebugMon_Handler
                0x08000686        0xe ./Core/Src/stm32f3xx_it.o
                0x08000686                DebugMon_Handler
 .text.PendSV_Handler
                0x08000694        0xe ./Core/Src/stm32f3xx_it.o
                0x08000694                PendSV_Handler
 .text.SysTick_Handler
                0x080006a2        0xc ./Core/Src/stm32f3xx_it.o
                0x080006a2                SysTick_Handler
 *fill*         0x080006ae        0x2 
 .text.SystemInit
                0x080006b0       0x24 ./Core/Src/system_stm32f3xx.o
                0x080006b0                SystemInit
 .text.Reset_Handler
                0x080006d4       0x50 ./Core/Startup/startup_stm32f303cctx.o
                0x080006d4                Reset_Handler
 .text.Default_Handler
                0x08000724        0x2 ./Core/Startup/startup_stm32f303cctx.o
                0x08000724                RTC_Alarm_IRQHandler
                0x08000724                TIM8_TRG_COM_IRQHandler
                0x08000724                TIM8_CC_IRQHandler
                0x08000724                TIM1_CC_IRQHandler
                0x08000724                USB_HP_IRQHandler
                0x08000724                PVD_IRQHandler
                0x08000724                TAMP_STAMP_IRQHandler
                0x08000724                EXTI3_IRQHandler
                0x08000724                USB_HP_CAN_TX_IRQHandler
                0x08000724                EXTI0_IRQHandler
                0x08000724                I2C2_EV_IRQHandler
                0x08000724                FPU_IRQHandler
                0x08000724                TIM1_UP_TIM16_IRQHandler
                0x08000724                ADC1_2_IRQHandler
                0x08000724                SPI1_IRQHandler
                0x08000724                CAN_SCE_IRQHandler
                0x08000724                TIM6_DAC_IRQHandler
                0x08000724                TIM8_UP_IRQHandler
                0x08000724                DMA2_Channel2_IRQHandler
                0x08000724                DMA1_Channel4_IRQHandler
                0x08000724                USART3_IRQHandler
                0x08000724                DMA1_Channel7_IRQHandler
                0x08000724                UART5_IRQHandler
                0x08000724                ADC3_IRQHandler
                0x08000724                TIM4_IRQHandler
                0x08000724                CAN_RX1_IRQHandler
                0x08000724                DMA2_Channel1_IRQHandler
                0x08000724                I2C1_EV_IRQHandler
                0x08000724                DMA1_Channel6_IRQHandler
                0x08000724                UART4_IRQHandler
                0x08000724                DMA2_Channel4_IRQHandler
                0x08000724                TIM3_IRQHandler
                0x08000724                RCC_IRQHandler
                0x08000724                DMA1_Channel1_IRQHandler
                0x08000724                Default_Handler
                0x08000724                USBWakeUp_RMP_IRQHandler
                0x08000724                EXTI15_10_IRQHandler
                0x08000724                TIM7_IRQHandler
                0x08000724                EXTI9_5_IRQHandler
                0x08000724                RTC_WKUP_IRQHandler
                0x08000724                SPI2_IRQHandler
                0x08000724                USB_LP_CAN_RX0_IRQHandler
                0x08000724                DMA2_Channel5_IRQHandler
                0x08000724                DMA1_Channel5_IRQHandler
                0x08000724                USB_LP_IRQHandler
                0x08000724                EXTI4_IRQHandler
                0x08000724                TIM1_TRG_COM_TIM17_IRQHandler
                0x08000724                DMA1_Channel3_IRQHandler
                0x08000724                ADC4_IRQHandler
                0x08000724                WWDG_IRQHandler
                0x08000724                TIM2_IRQHandler
                0x08000724                COMP7_IRQHandler
                0x08000724                COMP1_2_3_IRQHandler
                0x08000724                EXTI1_IRQHandler
                0x08000724                USART2_IRQHandler
                0x08000724                COMP4_5_6_IRQHandler
                0x08000724                I2C2_ER_IRQHandler
                0x08000724                DMA1_Channel2_IRQHandler
                0x08000724                TIM8_BRK_IRQHandler
                0x08000724                FLASH_IRQHandler
                0x08000724                USART1_IRQHandler
                0x08000724                SPI3_IRQHandler
                0x08000724                I2C1_ER_IRQHandler
                0x08000724                USBWakeUp_IRQHandler
                0x08000724                DMA2_Channel3_IRQHandler
                0x08000724                EXTI2_TSC_IRQHandler
                0x08000724                TIM1_BRK_TIM15_IRQHandler
 *fill*         0x08000726        0x2 
 .text.HAL_Init
                0x08000728       0x2c ./Drivers/STM32F3xx_HAL_Driver/Src/stm32f3xx_hal.o
                0x08000728                HAL_Init
 .text.HAL_InitTick
                0x08000754       0x60 ./Drivers/STM32F3xx_HAL_Driver/Src/stm32f3xx_hal.o
                0x08000754                HAL_InitTick
 .text.HAL_IncTick
                0x080007b4       0x28 ./Drivers/STM32F3xx_HAL_Driver/Src/stm32f3xx_hal.o
                0x080007b4                HAL_IncTick
 .text.HAL_GetTick
                0x080007dc       0x18 ./Drivers/STM32F3xx_HAL_Driver/Src/stm32f3xx_hal.o
                0x080007dc                HAL_GetTick
 .text.HAL_Delay
                0x080007f4       0x48 ./Drivers/STM32F3xx_HAL_Driver/Src/stm32f3xx_hal.o
                0x080007f4                HAL_Delay
 .text.__NVIC_SetPriorityGrouping
                0x0800083c       0x48 ./Drivers/STM32F3xx_HAL_Driver/Src/stm32f3xx_hal_cortex.o
 .text.__NVIC_GetPriorityGrouping
                0x08000884       0x1c ./Drivers/STM32F3xx_HAL_Driver/Src/stm32f3xx_hal_cortex.o
 .text.__NVIC_SetPriority
                0x080008a0       0x54 ./Drivers/STM32F3xx_HAL_Driver/Src/stm32f3xx_hal_cortex.o
 .text.NVIC_EncodePriority
                0x080008f4       0x66 ./Drivers/STM32F3xx_HAL_Driver/Src/stm32f3xx_hal_cortex.o
 *fill*         0x0800095a        0x2 
 .text.SysTick_Config
                0x0800095c       0x44 ./Drivers/STM32F3xx_HAL_Driver/Src/stm32f3xx_hal_cortex.o
 .text.HAL_NVIC_SetPriorityGrouping
                0x080009a0       0x16 ./Drivers/STM32F3xx_HAL_Driver/Src/stm32f3xx_hal_cortex.o
                0x080009a0                HAL_NVIC_SetPriorityGrouping
 .text.HAL_NVIC_SetPriority
                0x080009b6       0x38 ./Drivers/STM32F3xx_HAL_Driver/Src/stm32f3xx_hal_cortex.o
                0x080009b6                HAL_NVIC_SetPriority
 .text.HAL_SYSTICK_Config
                0x080009ee       0x18 ./Drivers/STM32F3xx_HAL_Driver/Src/stm32f3xx_hal_cortex.o
                0x080009ee                HAL_SYSTICK_Config
 *fill*         0x08000a06        0x2 
 .text.HAL_GPIO_Init
                0x08000a08      0x2f4 ./Drivers/STM32F3xx_HAL_Driver/Src/stm32f3xx_hal_gpio.o
                0x08000a08                HAL_GPIO_Init
 .text.HAL_RCC_OscConfig
                0x08000cfc     0x107c ./Drivers/STM32F3xx_HAL_Driver/Src/stm32f3xx_hal_rcc.o
                0x08000cfc                HAL_RCC_OscConfig
 .text.HAL_RCC_ClockConfig
                0x08001d78      0x2f8 ./Drivers/STM32F3xx_HAL_Driver/Src/stm32f3xx_hal_rcc.o
                0x08001d78                HAL_RCC_ClockConfig
 .text.HAL_RCC_GetSysClockFreq
                0x08002070       0xd4 ./Drivers/STM32F3xx_HAL_Driver/Src/stm32f3xx_hal_rcc.o
                0x08002070                HAL_RCC_GetSysClockFreq
 .text.HAL_TIM_PWM_Init
                0x08002144       0xae ./Drivers/STM32F3xx_HAL_Driver/Src/stm32f3xx_hal_tim.o
                0x08002144                HAL_TIM_PWM_Init
 *fill*         0x080021f2        0x2 
 .text.HAL_TIM_PWM_Start
                0x080021f4      0x200 ./Drivers/STM32F3xx_HAL_Driver/Src/stm32f3xx_hal_tim.o
                0x080021f4                HAL_TIM_PWM_Start
 .text.HAL_TIM_PWM_ConfigChannel
                0x080023f4      0x228 ./Drivers/STM32F3xx_HAL_Driver/Src/stm32f3xx_hal_tim.o
                0x080023f4                HAL_TIM_PWM_ConfigChannel
 .text.TIM_Base_SetConfig
                0x0800261c      0x120 ./Drivers/STM32F3xx_HAL_Driver/Src/stm32f3xx_hal_tim.o
                0x0800261c                TIM_Base_SetConfig
 .text.TIM_OC1_SetConfig
                0x0800273c      0x120 ./Drivers/STM32F3xx_HAL_Driver/Src/stm32f3xx_hal_tim.o
 .text.TIM_OC2_SetConfig
                0x0800285c      0x114 ./Drivers/STM32F3xx_HAL_Driver/Src/stm32f3xx_hal_tim.o
                0x0800285c                TIM_OC2_SetConfig
 .text.TIM_OC3_SetConfig
                0x08002970      0x110 ./Drivers/STM32F3xx_HAL_Driver/Src/stm32f3xx_hal_tim.o
 .text.TIM_OC4_SetConfig
                0x08002a80       0xd4 ./Drivers/STM32F3xx_HAL_Driver/Src/stm32f3xx_hal_tim.o
 .text.TIM_OC5_SetConfig
                0x08002b54       0xc8 ./Drivers/STM32F3xx_HAL_Driver/Src/stm32f3xx_hal_tim.o
 .text.TIM_OC6_SetConfig
                0x08002c1c       0xcc ./Drivers/STM32F3xx_HAL_Driver/Src/stm32f3xx_hal_tim.o
 .text.TIM_CCxChannelCmd
                0x08002ce8       0x4a ./Drivers/STM32F3xx_HAL_Driver/Src/stm32f3xx_hal_tim.o
                0x08002ce8                TIM_CCxChannelCmd
 *fill*         0x08002d32        0x2 
 .text.HAL_TIMEx_MasterConfigSynchronization
                0x08002d34      0x100 ./Drivers/STM32F3xx_HAL_Driver/Src/stm32f3xx_hal_tim_ex.o
                0x08002d34                HAL_TIMEx_MasterConfigSynchronization
 .text.memset   0x08002e34       0x10 C:/ST/STM32CubeIDE_1.15.0/STM32CubeIDE/plugins/com.st.stm32cube.ide.mcu.externaltools.gnu-tools-for-stm32.12.3.rel1.win32_1.0.100.202403111256/tools/bin/../lib/gcc/arm-none-eabi/12.3.1/../../../../arm-none-eabi/lib/thumb/v7e-m+fp/hard\libc_nano.a(libc_a-memset.o)
                0x08002e34                memset
 .text.__libc_init_array
                0x08002e44       0x48 C:/ST/STM32CubeIDE_1.15.0/STM32CubeIDE/plugins/com.st.stm32cube.ide.mcu.externaltools.gnu-tools-for-stm32.12.3.rel1.win32_1.0.100.202403111256/tools/bin/../lib/gcc/arm-none-eabi/12.3.1/../../../../arm-none-eabi/lib/thumb/v7e-m+fp/hard\libc_nano.a(libc_a-init.o)
                0x08002e44                __libc_init_array
 *(.glue_7)
 .glue_7        0x08002e8c        0x0 linker stubs
 *(.glue_7t)
 .glue_7t       0x08002e8c        0x0 linker stubs
 *(.eh_frame)
 .eh_frame      0x08002e8c        0x0 C:/ST/STM32CubeIDE_1.15.0/STM32CubeIDE/plugins/com.st.stm32cube.ide.mcu.externaltools.gnu-tools-for-stm32.12.3.rel1.win32_1.0.100.202403111256/tools/bin/../lib/gcc/arm-none-eabi/12.3.1/thumb/v7e-m+fp/hard/crtbegin.o
 *(.init)
 .init          0x08002e8c        0x4 C:/ST/STM32CubeIDE_1.15.0/STM32CubeIDE/plugins/com.st.stm32cube.ide.mcu.externaltools.gnu-tools-for-stm32.12.3.rel1.win32_1.0.100.202403111256/tools/bin/../lib/gcc/arm-none-eabi/12.3.1/thumb/v7e-m+fp/hard/crti.o
                0x08002e8c                _init
 .init          0x08002e90        0x8 C:/ST/STM32CubeIDE_1.15.0/STM32CubeIDE/plugins/com.st.stm32cube.ide.mcu.externaltools.gnu-tools-for-stm32.12.3.rel1.win32_1.0.100.202403111256/tools/bin/../lib/gcc/arm-none-eabi/12.3.1/thumb/v7e-m+fp/hard/crtn.o
 *(.fini)
 .fini          0x08002e98        0x4 C:/ST/STM32CubeIDE_1.15.0/STM32CubeIDE/plugins/com.st.stm32cube.ide.mcu.externaltools.gnu-tools-for-stm32.12.3.rel1.win32_1.0.100.202403111256/tools/bin/../lib/gcc/arm-none-eabi/12.3.1/thumb/v7e-m+fp/hard/crti.o
                0x08002e98                _fini
 .fini          0x08002e9c        0x8 C:/ST/STM32CubeIDE_1.15.0/STM32CubeIDE/plugins/com.st.stm32cube.ide.mcu.externaltools.gnu-tools-for-stm32.12.3.rel1.win32_1.0.100.202403111256/tools/bin/../lib/gcc/arm-none-eabi/12.3.1/thumb/v7e-m+fp/hard/crtn.o
                0x08002ea4                        . = ALIGN (0x4)
                0x08002ea4                        _etext = .

.vfp11_veneer   0x08002ea4        0x0
 .vfp11_veneer  0x08002ea4        0x0 linker stubs

.v4_bx          0x08002ea4        0x0
 .v4_bx         0x08002ea4        0x0 linker stubs

.iplt           0x08002ea4        0x0
 .iplt          0x08002ea4        0x0 C:/ST/STM32CubeIDE_1.15.0/STM32CubeIDE/plugins/com.st.stm32cube.ide.mcu.externaltools.gnu-tools-for-stm32.12.3.rel1.win32_1.0.100.202403111256/tools/bin/../lib/gcc/arm-none-eabi/12.3.1/thumb/v7e-m+fp/hard/crtbegin.o

.rodata         0x08002ea4       0x30
                0x08002ea4                        . = ALIGN (0x4)
 *(.rodata)
 *(.rodata*)
 .rodata.AHBPrescTable
                0x08002ea4       0x10 ./Core/Src/system_stm32f3xx.o
                0x08002ea4                AHBPrescTable
 .rodata.aPLLMULFactorTable
                0x08002eb4       0x10 ./Drivers/STM32F3xx_HAL_Driver/Src/stm32f3xx_hal_rcc.o
 .rodata.aPredivFactorTable
                0x08002ec4       0x10 ./Drivers/STM32F3xx_HAL_Driver/Src/stm32f3xx_hal_rcc.o
                0x08002ed4                        . = ALIGN (0x4)

.ARM.extab      0x08002ed4        0x0
                0x08002ed4                        . = ALIGN (0x4)
 *(.ARM.extab* .gnu.linkonce.armextab.*)
                0x08002ed4                        . = ALIGN (0x4)

.ARM            0x08002ed4        0x0
                0x08002ed4                        . = ALIGN (0x4)
                0x08002ed4                        __exidx_start = .
 *(.ARM.exidx*)
                0x08002ed4                        __exidx_end = .
                0x08002ed4                        . = ALIGN (0x4)

.preinit_array  0x08002ed4        0x0
                0x08002ed4                        . = ALIGN (0x4)
                0x08002ed4                        PROVIDE (__preinit_array_start = .)
 *(.preinit_array*)
                0x08002ed4                        PROVIDE (__preinit_array_end = .)
                0x08002ed4                        . = ALIGN (0x4)

.init_array     0x08002ed4        0x4
                0x08002ed4                        . = ALIGN (0x4)
                0x08002ed4                        PROVIDE (__init_array_start = .)
 *(SORT_BY_NAME(.init_array.*))
 *(.init_array*)
 .init_array    0x08002ed4        0x4 C:/ST/STM32CubeIDE_1.15.0/STM32CubeIDE/plugins/com.st.stm32cube.ide.mcu.externaltools.gnu-tools-for-stm32.12.3.rel1.win32_1.0.100.202403111256/tools/bin/../lib/gcc/arm-none-eabi/12.3.1/thumb/v7e-m+fp/hard/crtbegin.o
                0x08002ed8                        PROVIDE (__init_array_end = .)
                0x08002ed8                        . = ALIGN (0x4)

.fini_array     0x08002ed8        0x4
                0x08002ed8                        . = ALIGN (0x4)
                [!provide]                        PROVIDE (__fini_array_start = .)
 *(SORT_BY_NAME(.fini_array.*))
 *(.fini_array*)
 .fini_array    0x08002ed8        0x4 C:/ST/STM32CubeIDE_1.15.0/STM32CubeIDE/plugins/com.st.stm32cube.ide.mcu.externaltools.gnu-tools-for-stm32.12.3.rel1.win32_1.0.100.202403111256/tools/bin/../lib/gcc/arm-none-eabi/12.3.1/thumb/v7e-m+fp/hard/crtbegin.o
                [!provide]                        PROVIDE (__fini_array_end = .)
                0x08002edc                        . = ALIGN (0x4)
                0x08002edc                        _sidata = LOADADDR (.data)

.rel.dyn        0x08002edc        0x0
 .rel.iplt      0x08002edc        0x0 C:/ST/STM32CubeIDE_1.15.0/STM32CubeIDE/plugins/com.st.stm32cube.ide.mcu.externaltools.gnu-tools-for-stm32.12.3.rel1.win32_1.0.100.202403111256/tools/bin/../lib/gcc/arm-none-eabi/12.3.1/thumb/v7e-m+fp/hard/crtbegin.o

.data           0x20000000       0x1c load address 0x08002edc
                0x20000000                        . = ALIGN (0x4)
                0x20000000                        _sdata = .
 *(.data)
 *(.data*)
 .data.channels
                0x20000000        0xc ./Core/Src/pwm.o
                0x20000000                channels
 .data.num_channels
                0x2000000c        0x1 ./Core/Src/pwm.o
                0x2000000c                num_channels
 *fill*         0x2000000d        0x3 
 .data.SystemCoreClock
                0x20000010        0x4 ./Core/Src/system_stm32f3xx.o
                0x20000010                SystemCoreClock
 .data.uwTickPrio
                0x20000014        0x4 ./Drivers/STM32F3xx_HAL_Driver/Src/stm32f3xx_hal.o
                0x20000014                uwTickPrio
 .data.uwTickFreq
                0x20000018        0x1 ./Drivers/STM32F3xx_HAL_Driver/Src/stm32f3xx_hal.o
                0x20000018                uwTickFreq
 *(.RamFunc)
 *(.RamFunc*)
                0x2000001c                        . = ALIGN (0x4)
 *fill*         0x20000019        0x3 
                0x2000001c                        _edata = .
                0x08002ef8                        _siccmram = LOADADDR (.ccmram)

.igot.plt       0x2000001c        0x0 load address 0x08002ef8
 .igot.plt      0x2000001c        0x0 C:/ST/STM32CubeIDE_1.15.0/STM32CubeIDE/plugins/com.st.stm32cube.ide.mcu.externaltools.gnu-tools-for-stm32.12.3.rel1.win32_1.0.100.202403111256/tools/bin/../lib/gcc/arm-none-eabi/12.3.1/thumb/v7e-m+fp/hard/crtbegin.o

.ccmram         0x10000000        0x0 load address 0x08002ef8
                0x10000000                        . = ALIGN (0x4)
                0x10000000                        _sccmram = .
 *(.ccmram)
 *(.ccmram*)
                0x10000000                        . = ALIGN (0x4)
                0x10000000                        _eccmram = .
                0x10000000                        . = ALIGN (0x4)

.bss            0x2000001c       0x70
                0x2000001c                        _sbss = .
                0x2000001c                        __bss_start__ = _sbss
 *(.bss)
 .bss           0x2000001c       0x1c C:/ST/STM32CubeIDE_1.15.0/STM32CubeIDE/plugins/com.st.stm32cube.ide.mcu.externaltools.gnu-tools-for-stm32.12.3.rel1.win32_1.0.100.202403111256/tools/bin/../lib/gcc/arm-none-eabi/12.3.1/thumb/v7e-m+fp/hard/crtbegin.o
 *(.bss*)
 .bss.htim2     0x20000038       0x4c ./Core/Src/main.o
                0x20000038                htim2
 .bss.brightness
                0x20000084        0x2 ./Core/Src/pwm.o
                0x20000084                brightness
 *fill*         0x20000086        0x2 
 .bss.uwTick    0x20000088        0x4 ./Drivers/STM32F3xx_HAL_Driver/Src/stm32f3xx_hal.o
                0x20000088                uwTick
 *(COMMON)
                0x2000008c                        . = ALIGN (0x4)
                0x2000008c                        _ebss = .
                0x2000008c                        __bss_end__ = _ebss

._user_heap_stack
                0x2000008c      0x604
                0x20000090                        . = ALIGN (0x8)
 *fill*         0x2000008c        0x4 
                [!provide]                        PROVIDE (end = .)
                0x20000090                        PROVIDE (_end = .)
                0x20000290                        . = (. + _Min_Heap_Size)
 *fill*         0x20000090      0x200 
                0x20000690                        . = (. + _Min_Stack_Size)
 *fill*         0x20000290      0x400 
                0x20000690                        . = ALIGN (0x8)

/DISCARD/
 libc.a(*)
 libm.a(*)
 libgcc.a(*)

.ARM.attributes
                0x00000000       0x30
 *(.ARM.attributes)
 .ARM.attributes
                0x00000000       0x22 C:/ST/STM32CubeIDE_1.15.0/STM32CubeIDE/plugins/com.st.stm32cube.ide.mcu.externaltools.gnu-tools-for-stm32.12.3.rel1.win32_1.0.100.202403111256/tools/bin/../lib/gcc/arm-none-eabi/12.3.1/thumb/v7e-m+fp/hard/crti.o
 .ARM.attributes
                0x00000022       0x34 C:/ST/STM32CubeIDE_1.15.0/STM32CubeIDE/plugins/com.st.stm32cube.ide.mcu.externaltools.gnu-tools-for-stm32.12.3.rel1.win32_1.0.100.202403111256/tools/bin/../lib/gcc/arm-none-eabi/12.3.1/thumb/v7e-m+fp/hard/crtbegin.o
 .ARM.attributes
                0x00000056       0x34 ./Core/Src/main.o
 .ARM.attributes
                0x0000008a       0x34 ./Core/Src/pwm.o
 .ARM.attributes
                0x000000be       0x34 ./Core/Src/stm32f3xx_hal_msp.o
 .ARM.attributes
                0x000000f2       0x34 ./Core/Src/stm32f3xx_it.o
 .ARM.attributes
                0x00000126       0x34 ./Core/Src/system_stm32f3xx.o
 .ARM.attributes
                0x0000015a       0x21 ./Core/Startup/startup_stm32f303cctx.o
 .ARM.attributes
                0x0000017b       0x34 ./Drivers/STM32F3xx_HAL_Driver/Src/stm32f3xx_hal.o
 .ARM.attributes
                0x000001af       0x34 ./Drivers/STM32F3xx_HAL_Driver/Src/stm32f3xx_hal_cortex.o
 .ARM.attributes
                0x000001e3       0x34 ./Drivers/STM32F3xx_HAL_Driver/Src/stm32f3xx_hal_gpio.o
 .ARM.attributes
                0x00000217       0x34 ./Drivers/STM32F3xx_HAL_Driver/Src/stm32f3xx_hal_rcc.o
 .ARM.attributes
                0x0000024b       0x34 ./Drivers/STM32F3xx_HAL_Driver/Src/stm32f3xx_hal_tim.o
 .ARM.attributes
                0x0000027f       0x34 ./Drivers/STM32F3xx_HAL_Driver/Src/stm32f3xx_hal_tim_ex.o
 .ARM.attributes
                0x000002b3       0x34 C:/ST/STM32CubeIDE_1.15.0/STM32CubeIDE/plugins/com.st.stm32cube.ide.mcu.externaltools.gnu-tools-for-stm32.12.3.rel1.win32_1.0.100.202403111256/tools/bin/../lib/gcc/arm-none-eabi/12.3.1/../../../../arm-none-eabi/lib/thumb/v7e-m+fp/hard\libc_nano.a(libc_a-memset.o)
 .ARM.attributes
                0x000002e7       0x34 C:/ST/STM32CubeIDE_1.15.0/STM32CubeIDE/plugins/com.st.stm32cube.ide.mcu.externaltools.gnu-tools-for-stm32.12.3.rel1.win32_1.0.100.202403111256/tools/bin/../lib/gcc/arm-none-eabi/12.3.1/../../../../arm-none-eabi/lib/thumb/v7e-m+fp/hard\libc_nano.a(libc_a-init.o)
 .ARM.attributes
                0x0000031b       0x22 C:/ST/STM32CubeIDE_1.15.0/STM32CubeIDE/plugins/com.st.stm32cube.ide.mcu.externaltools.gnu-tools-for-stm32.12.3.rel1.win32_1.0.100.202403111256/tools/bin/../lib/gcc/arm-none-eabi/12.3.1/thumb/v7e-m+fp/hard/crtn.o
OUTPUT(009_PWM_LED.elf elf32-littlearm)
LOAD linker stubs
LOAD C:/ST/STM32CubeIDE_1.15.0/STM32CubeIDE/plugins/com.st.stm32cube.ide.mcu.externaltools.gnu-tools-for-stm32.12.3.rel1.win32_1.0.100.202403111256/tools/bin/../lib/gcc/arm-none-eabi/12.3.1/../../../../arm-none-eabi/lib/thumb/v7e-m+fp/hard\libc.a
LOAD C:/ST/STM32CubeIDE_1.15.0/STM32CubeIDE/plugins/com.st.stm32cube.ide.mcu.externaltools.gnu-tools-for-stm32.12.3.rel1.win32_1.0.100.202403111256/tools/bin/../lib/gcc/arm-none-eabi/12.3.1/../../../../arm-none-eabi/lib/thumb/v7e-m+fp/hard\libm.a
LOAD C:/ST/STM32CubeIDE_1.15.0/STM32CubeIDE/plugins/com.st.stm32cube.ide.mcu.externaltools.gnu-tools-for-stm32.12.3.rel1.win32_1.0.100.202403111256/tools/bin/../lib/gcc/arm-none-eabi/12.3.1/thumb/v7e-m+fp/hard\libgcc.a

.debug_info     0x00000000     0x8f7e
 .debug_info    0x00000000      0xb08 ./Core/Src/main.o
 .debug_info    0x00000b08      0x6ce ./Core/Src/pwm.o
 .debug_info    0x000011d6      0x92d ./Core/Src/stm32f3xx_hal_msp.o
 .debug_info    0x00001b03      0x113 ./Core/Src/stm32f3xx_it.o
 .debug_info    0x00001c16      0x407 ./Core/Src/system_stm32f3xx.o
 .debug_info    0x0000201d       0x30 ./Core/Startup/startup_stm32f303cctx.o
 .debug_info    0x0000204d      0x7d4 ./Drivers/STM32F3xx_HAL_Driver/Src/stm32f3xx_hal.o
 .debug_info    0x00002821      0xcaf ./Drivers/STM32F3xx_HAL_Driver/Src/stm32f3xx_hal_cortex.o
 .debug_info    0x000034d0      0x5fe ./Drivers/STM32F3xx_HAL_Driver/Src/stm32f3xx_hal_gpio.o
 .debug_info    0x00003ace     0x14f1 ./Drivers/STM32F3xx_HAL_Driver/Src/stm32f3xx_hal_rcc.o
 .debug_info    0x00004fbf     0x2a52 ./Drivers/STM32F3xx_HAL_Driver/Src/stm32f3xx_hal_tim.o
 .debug_info    0x00007a11     0x156d ./Drivers/STM32F3xx_HAL_Driver/Src/stm32f3xx_hal_tim_ex.o

.debug_abbrev   0x00000000     0x1686
 .debug_abbrev  0x00000000      0x275 ./Core/Src/main.o
 .debug_abbrev  0x00000275      0x18e ./Core/Src/pwm.o
 .debug_abbrev  0x00000403      0x1cf ./Core/Src/stm32f3xx_hal_msp.o
 .debug_abbrev  0x000005d2       0x73 ./Core/Src/stm32f3xx_it.o
 .debug_abbrev  0x00000645      0x11a ./Core/Src/system_stm32f3xx.o
 .debug_abbrev  0x0000075f       0x24 ./Core/Startup/startup_stm32f303cctx.o
 .debug_abbrev  0x00000783      0x215 ./Drivers/STM32F3xx_HAL_Driver/Src/stm32f3xx_hal.o
 .debug_abbrev  0x00000998      0x329 ./Drivers/STM32F3xx_HAL_Driver/Src/stm32f3xx_hal_cortex.o
 .debug_abbrev  0x00000cc1      0x1ca ./Drivers/STM32F3xx_HAL_Driver/Src/stm32f3xx_hal_gpio.o
 .debug_abbrev  0x00000e8b      0x300 ./Drivers/STM32F3xx_HAL_Driver/Src/stm32f3xx_hal_rcc.o
 .debug_abbrev  0x0000118b      0x278 ./Drivers/STM32F3xx_HAL_Driver/Src/stm32f3xx_hal_tim.o
 .debug_abbrev  0x00001403      0x283 ./Drivers/STM32F3xx_HAL_Driver/Src/stm32f3xx_hal_tim_ex.o

.debug_aranges  0x00000000      0x978
 .debug_aranges
                0x00000000       0x40 ./Core/Src/main.o
 .debug_aranges
                0x00000040       0x20 ./Core/Src/pwm.o
 .debug_aranges
                0x00000060       0x38 ./Core/Src/stm32f3xx_hal_msp.o
 .debug_aranges
                0x00000098       0x60 ./Core/Src/stm32f3xx_it.o
 .debug_aranges
                0x000000f8       0x28 ./Core/Src/system_stm32f3xx.o
 .debug_aranges
                0x00000120       0x28 ./Core/Startup/startup_stm32f303cctx.o
 .debug_aranges
                0x00000148       0xe0 ./Drivers/STM32F3xx_HAL_Driver/Src/stm32f3xx_hal.o
 .debug_aranges
                0x00000228      0x118 ./Drivers/STM32F3xx_HAL_Driver/Src/stm32f3xx_hal_cortex.o
 .debug_aranges
                0x00000340       0x58 ./Drivers/STM32F3xx_HAL_Driver/Src/stm32f3xx_hal_gpio.o
 .debug_aranges
                0x00000398       0x88 ./Drivers/STM32F3xx_HAL_Driver/Src/stm32f3xx_hal_rcc.o
 .debug_aranges
                0x00000420      0x3e0 ./Drivers/STM32F3xx_HAL_Driver/Src/stm32f3xx_hal_tim.o
 .debug_aranges
                0x00000800      0x178 ./Drivers/STM32F3xx_HAL_Driver/Src/stm32f3xx_hal_tim_ex.o

.debug_rnglists
                0x00000000      0x74b
 .debug_rnglists
                0x00000000       0x2d ./Core/Src/main.o
 .debug_rnglists
                0x0000002d       0x14 ./Core/Src/pwm.o
 .debug_rnglists
                0x00000041       0x25 ./Core/Src/stm32f3xx_hal_msp.o
 .debug_rnglists
                0x00000066       0x43 ./Core/Src/stm32f3xx_it.o
 .debug_rnglists
                0x000000a9       0x1a ./Core/Src/system_stm32f3xx.o
 .debug_rnglists
                0x000000c3       0x19 ./Core/Startup/startup_stm32f303cctx.o
 .debug_rnglists
                0x000000dc       0xa3 ./Drivers/STM32F3xx_HAL_Driver/Src/stm32f3xx_hal.o
 .debug_rnglists
                0x0000017f       0xce ./Drivers/STM32F3xx_HAL_Driver/Src/stm32f3xx_hal_cortex.o
 .debug_rnglists
                0x0000024d       0x3f ./Drivers/STM32F3xx_HAL_Driver/Src/stm32f3xx_hal_gpio.o
 .debug_rnglists
                0x0000028c       0x66 ./Drivers/STM32F3xx_HAL_Driver/Src/stm32f3xx_hal_rcc.o
 .debug_rnglists
                0x000002f2      0x328 ./Drivers/STM32F3xx_HAL_Driver/Src/stm32f3xx_hal_tim.o
 .debug_rnglists
                0x0000061a      0x131 ./Drivers/STM32F3xx_HAL_Driver/Src/stm32f3xx_hal_tim_ex.o

.debug_macro    0x00000000    0x1c6cc
 .debug_macro   0x00000000      0x1cd ./Core/Src/main.o
 .debug_macro   0x000001cd      0xab4 ./Core/Src/main.o
 .debug_macro   0x00000c81      0x151 ./Core/Src/main.o
 .debug_macro   0x00000dd2       0x2e ./Core/Src/main.o
 .debug_macro   0x00000e00       0x28 ./Core/Src/main.o
 .debug_macro   0x00000e28       0x22 ./Core/Src/main.o
 .debug_macro   0x00000e4a       0x8e ./Core/Src/main.o
 .debug_macro   0x00000ed8       0x51 ./Core/Src/main.o
 .debug_macro   0x00000f29      0x103 ./Core/Src/main.o
 .debug_macro   0x0000102c       0x6a ./Core/Src/main.o
 .debug_macro   0x00001096      0x1df ./Core/Src/main.o
 .debug_macro   0x00001275       0x1c ./Core/Src/main.o
 .debug_macro   0x00001291       0x22 ./Core/Src/main.o
 .debug_macro   0x000012b3       0xd9 ./Core/Src/main.o
 .debug_macro   0x0000138c     0x102d ./Core/Src/main.o
 .debug_macro   0x000023b9      0x11f ./Core/Src/main.o
 .debug_macro   0x000024d8    0x12a3a ./Core/Src/main.o
 .debug_macro   0x00014f12       0x6d ./Core/Src/main.o
 .debug_macro   0x00014f7f     0x3558 ./Core/Src/main.o
 .debug_macro   0x000184d7      0x189 ./Core/Src/main.o
 .debug_macro   0x00018660       0x55 ./Core/Src/main.o
 .debug_macro   0x000186b5      0x961 ./Core/Src/main.o
 .debug_macro   0x00019016      0x5fe ./Core/Src/main.o
 .debug_macro   0x00019614      0x1b5 ./Core/Src/main.o
 .debug_macro   0x000197c9      0x1fb ./Core/Src/main.o
 .debug_macro   0x000199c4      0x1dc ./Core/Src/main.o
 .debug_macro   0x00019ba0      0x1bc ./Core/Src/main.o
 .debug_macro   0x00019d5c       0x30 ./Core/Src/main.o
 .debug_macro   0x00019d8c       0x3c ./Core/Src/main.o
 .debug_macro   0x00019dc8      0x235 ./Core/Src/main.o
 .debug_macro   0x00019ffd       0xc5 ./Core/Src/main.o
 .debug_macro   0x0001a0c2      0x21d ./Core/Src/main.o
 .debug_macro   0x0001a2df      0x22c ./Core/Src/main.o
 .debug_macro   0x0001a50b       0x5b ./Core/Src/main.o
 .debug_macro   0x0001a566       0xa5 ./Core/Src/main.o
 .debug_macro   0x0001a60b       0x81 ./Core/Src/main.o
 .debug_macro   0x0001a68c       0xd3 ./Core/Src/main.o
 .debug_macro   0x0001a75f      0xa59 ./Core/Src/main.o
 .debug_macro   0x0001b1b8       0x89 ./Core/Src/main.o
 .debug_macro   0x0001b241      0x275 ./Core/Src/main.o
 .debug_macro   0x0001b4b6      0x1cd ./Core/Src/pwm.o
 .debug_macro   0x0001b683      0x1cd ./Core/Src/stm32f3xx_hal_msp.o
 .debug_macro   0x0001b850      0x1d7 ./Core/Src/stm32f3xx_it.o
 .debug_macro   0x0001ba27      0x1c3 ./Core/Src/system_stm32f3xx.o
 .debug_macro   0x0001bbea      0x1e7 ./Drivers/STM32F3xx_HAL_Driver/Src/stm32f3xx_hal.o
 .debug_macro   0x0001bdd1      0x1c3 ./Drivers/STM32F3xx_HAL_Driver/Src/stm32f3xx_hal_cortex.o
 .debug_macro   0x0001bf94      0x1ca ./Drivers/STM32F3xx_HAL_Driver/Src/stm32f3xx_hal_gpio.o
 .debug_macro   0x0001c15e      0x1e7 ./Drivers/STM32F3xx_HAL_Driver/Src/stm32f3xx_hal_rcc.o
 .debug_macro   0x0001c345      0x1c4 ./Drivers/STM32F3xx_HAL_Driver/Src/stm32f3xx_hal_tim.o
 .debug_macro   0x0001c509      0x1c3 ./Drivers/STM32F3xx_HAL_Driver/Src/stm32f3xx_hal_tim_ex.o

.debug_line     0x00000000     0xb6cf
 .debug_line    0x00000000      0x862 ./Core/Src/main.o
 .debug_line    0x00000862      0x7d1 ./Core/Src/pwm.o
 .debug_line    0x00001033      0x7ae ./Core/Src/stm32f3xx_hal_msp.o
 .debug_line    0x000017e1      0x809 ./Core/Src/stm32f3xx_it.o
 .debug_line    0x00001fea      0x7c0 ./Core/Src/system_stm32f3xx.o
 .debug_line    0x000027aa       0x7a ./Core/Startup/startup_stm32f303cctx.o
 .debug_line    0x00002824      0x9f8 ./Drivers/STM32F3xx_HAL_Driver/Src/stm32f3xx_hal.o
 .debug_line    0x0000321c      0xcbb ./Drivers/STM32F3xx_HAL_Driver/Src/stm32f3xx_hal_cortex.o
 .debug_line    0x00003ed7      0xb6f ./Drivers/STM32F3xx_HAL_Driver/Src/stm32f3xx_hal_gpio.o
 .debug_line    0x00004a46     0x13cc ./Drivers/STM32F3xx_HAL_Driver/Src/stm32f3xx_hal_rcc.o
 .debug_line    0x00005e12     0x3ddb ./Drivers/STM32F3xx_HAL_Driver/Src/stm32f3xx_hal_tim.o
 .debug_line    0x00009bed     0x1ae2 ./Drivers/STM32F3xx_HAL_Driver/Src/stm32f3xx_hal_tim_ex.o

.debug_str      0x00000000    0xae2a5
 .debug_str     0x00000000    0xabdc7 ./Core/Src/main.o
                              0xac4fc (size before relaxing)
 .debug_str     0x000abdc7       0x49 ./Core/Src/pwm.o
                              0xac1f2 (size before relaxing)
 .debug_str     0x000abe10       0xda ./Core/Src/stm32f3xx_hal_msp.o
                              0xac2ef (size before relaxing)
 .debug_str     0x000abeea       0xc9 ./Core/Src/stm32f3xx_it.o
                              0xabd40 (size before relaxing)
 .debug_str     0x000abfb3       0xe9 ./Core/Src/system_stm32f3xx.o
                              0xabdcf (size before relaxing)
 .debug_str     0x000ac09c       0x44 ./Core/Startup/startup_stm32f303cctx.o
                                 0x8d (size before relaxing)
 .debug_str     0x000ac0e0      0x6da ./Drivers/STM32F3xx_HAL_Driver/Src/stm32f3xx_hal.o
                              0xac60d (size before relaxing)
 .debug_str     0x000ac7ba      0x37b ./Drivers/STM32F3xx_HAL_Driver/Src/stm32f3xx_hal_cortex.o
                              0xac65f (size before relaxing)
 .debug_str     0x000acb35      0x186 ./Drivers/STM32F3xx_HAL_Driver/Src/stm32f3xx_hal_gpio.o
                              0xabf3c (size before relaxing)
 .debug_str     0x000accbb      0x2d1 ./Drivers/STM32F3xx_HAL_Driver/Src/stm32f3xx_hal_rcc.o
                              0xac26f (size before relaxing)
 .debug_str     0x000acf8c      0xe3d ./Drivers/STM32F3xx_HAL_Driver/Src/stm32f3xx_hal_tim.o
                              0xad1f6 (size before relaxing)
 .debug_str     0x000addc9      0x4dc ./Drivers/STM32F3xx_HAL_Driver/Src/stm32f3xx_hal_tim_ex.o
                              0xaca4c (size before relaxing)

.comment        0x00000000       0x43
 .comment       0x00000000       0x43 ./Core/Src/main.o
                                 0x44 (size before relaxing)
 .comment       0x00000043       0x44 ./Core/Src/pwm.o
 .comment       0x00000043       0x44 ./Core/Src/stm32f3xx_hal_msp.o
 .comment       0x00000043       0x44 ./Core/Src/stm32f3xx_it.o
 .comment       0x00000043       0x44 ./Core/Src/system_stm32f3xx.o
 .comment       0x00000043       0x44 ./Drivers/STM32F3xx_HAL_Driver/Src/stm32f3xx_hal.o
 .comment       0x00000043       0x44 ./Drivers/STM32F3xx_HAL_Driver/Src/stm32f3xx_hal_cortex.o
 .comment       0x00000043       0x44 ./Drivers/STM32F3xx_HAL_Driver/Src/stm32f3xx_hal_gpio.o
 .comment       0x00000043       0x44 ./Drivers/STM32F3xx_HAL_Driver/Src/stm32f3xx_hal_rcc.o
 .comment       0x00000043       0x44 ./Drivers/STM32F3xx_HAL_Driver/Src/stm32f3xx_hal_tim.o
 .comment       0x00000043       0x44 ./Drivers/STM32F3xx_HAL_Driver/Src/stm32f3xx_hal_tim_ex.o

.debug_frame    0x00000000     0x270c
 .debug_frame   0x00000000       0xb4 ./Core/Src/main.o
 .debug_frame   0x000000b4       0x34 ./Core/Src/pwm.o
 .debug_frame   0x000000e8       0xac ./Core/Src/stm32f3xx_hal_msp.o
 .debug_frame   0x00000194      0x104 ./Core/Src/stm32f3xx_it.o
 .debug_frame   0x00000298       0x58 ./Core/Src/system_stm32f3xx.o
 .debug_frame   0x000002f0      0x334 ./Drivers/STM32F3xx_HAL_Driver/Src/stm32f3xx_hal.o
 .debug_frame   0x00000624      0x498 ./Drivers/STM32F3xx_HAL_Driver/Src/stm32f3xx_hal_cortex.o
 .debug_frame   0x00000abc      0x14c ./Drivers/STM32F3xx_HAL_Driver/Src/stm32f3xx_hal_gpio.o
 .debug_frame   0x00000c08      0x214 ./Drivers/STM32F3xx_HAL_Driver/Src/stm32f3xx_hal_rcc.o
 .debug_frame   0x00000e1c     0x121c ./Drivers/STM32F3xx_HAL_Driver/Src/stm32f3xx_hal_tim.o
 .debug_frame   0x00002038      0x688 ./Drivers/STM32F3xx_HAL_Driver/Src/stm32f3xx_hal_tim_ex.o
 .debug_frame   0x000026c0       0x20 C:/ST/STM32CubeIDE_1.15.0/STM32CubeIDE/plugins/com.st.stm32cube.ide.mcu.externaltools.gnu-tools-for-stm32.12.3.rel1.win32_1.0.100.202403111256/tools/bin/../lib/gcc/arm-none-eabi/12.3.1/../../../../arm-none-eabi/lib/thumb/v7e-m+fp/hard\libc_nano.a(libc_a-memset.o)
 .debug_frame   0x000026e0       0x2c C:/ST/STM32CubeIDE_1.15.0/STM32CubeIDE/plugins/com.st.stm32cube.ide.mcu.externaltools.gnu-tools-for-stm32.12.3.rel1.win32_1.0.100.202403111256/tools/bin/../lib/gcc/arm-none-eabi/12.3.1/../../../../arm-none-eabi/lib/thumb/v7e-m+fp/hard\libc_nano.a(libc_a-init.o)

.debug_line_str
                0x00000000       0x71
 .debug_line_str
                0x00000000       0x71 ./Core/Startup/startup_stm32f303cctx.o
