../Core/Src/main.c:84:13:Player_ctor	24	static
../Core/Src/main.c:90:13:Obstacle_ctor	24	static
../Core/Src/main.c:100:5:main	32	static
../Core/Src/main.c:173:6:SystemClock_Config	128	static
../Core/Src/main.c:221:13:MX_I2C1_Init	8	static
../Core/Src/main.c:273:13:MX_SPI1_Init	8	static
../Core/Src/main.c:313:13:MX_GPIO_Init	40	static
../Core/Src/main.c:350:6:nano_lcd_Init	16	static
../Core/Src/main.c:375:6:tick	24	static
../Core/Src/main.c:439:6:is_Collide	48	static
../Core/Src/main.c:465:6:Error_Handler	4	static,ignoring_inline_asm
