../Core/Src/main.c:84:13:Player_ctor	24	static
../Core/Src/main.c:92:13:Obstacle_ctor	24	static
../Core/Src/main.c:108:5:main	40	static
../Core/Src/main.c:180:6:SystemClock_Config	128	static
../Core/Src/main.c:228:13:MX_I2C1_Init	8	static
../Core/Src/main.c:280:13:MX_SPI1_Init	8	static
../Core/Src/main.c:320:13:MX_GPIO_Init	40	static
../Core/Src/main.c:357:6:nano_lcd_Init	16	static
../Core/Src/main.c:382:6:tick	24	static
../Core/Src/main.c:447:6:is_Collide	48	static
../Core/Src/main.c:477:6:Error_Handler	4	static,ignoring_inline_asm
