../Drivers/STM32F3xx_HAL_Driver/Src/stm32f3xx_hal_rtc.c:254:19:HAL_RTC_Init	24	static
../Drivers/STM32F3xx_HAL_Driver/Src/stm32f3xx_hal_rtc.c:369:19:HAL_RTC_DeInit	24	static
../Drivers/STM32F3xx_HAL_Driver/Src/stm32f3xx_hal_rtc.c:658:13:HAL_RTC_MspInit	16	static
../Drivers/STM32F3xx_HAL_Driver/Src/stm32f3xx_hal_rtc.c:674:13:HAL_RTC_MspDeInit	16	static
../Drivers/STM32F3xx_HAL_Driver/Src/stm32f3xx_hal_rtc.c:715:19:HAL_RTC_SetTime	40	static
../Drivers/STM32F3xx_HAL_Driver/Src/stm32f3xx_hal_rtc.c:829:19:HAL_RTC_GetTime	32	static
../Drivers/STM32F3xx_HAL_Driver/Src/stm32f3xx_hal_rtc.c:874:19:HAL_RTC_SetDate	40	static
../Drivers/STM32F3xx_HAL_Driver/Src/stm32f3xx_hal_rtc.c:963:19:HAL_RTC_GetDate	32	static
../Drivers/STM32F3xx_HAL_Driver/Src/stm32f3xx_hal_rtc.c:1021:19:HAL_RTC_SetAlarm	48	static
../Drivers/STM32F3xx_HAL_Driver/Src/stm32f3xx_hal_rtc.c:1219:19:HAL_RTC_SetAlarm_IT	48	static
../Drivers/STM32F3xx_HAL_Driver/Src/stm32f3xx_hal_rtc.c:1414:19:HAL_RTC_DeactivateAlarm	24	static
../Drivers/STM32F3xx_HAL_Driver/Src/stm32f3xx_hal_rtc.c:1512:19:HAL_RTC_GetAlarm	32	static
../Drivers/STM32F3xx_HAL_Driver/Src/stm32f3xx_hal_rtc.c:1563:6:HAL_RTC_AlarmIRQHandler	16	static
../Drivers/STM32F3xx_HAL_Driver/Src/stm32f3xx_hal_rtc.c:1614:13:HAL_RTC_AlarmAEventCallback	16	static
../Drivers/STM32F3xx_HAL_Driver/Src/stm32f3xx_hal_rtc.c:1631:19:HAL_RTC_PollForAlarmAEvent	24	static
../Drivers/STM32F3xx_HAL_Driver/Src/stm32f3xx_hal_rtc.c:1695:19:HAL_RTC_WaitForSynchro	24	static
../Drivers/STM32F3xx_HAL_Driver/Src/stm32f3xx_hal_rtc.c:1724:6:HAL_RTC_DST_Add1Hour	16	static
../Drivers/STM32F3xx_HAL_Driver/Src/stm32f3xx_hal_rtc.c:1738:6:HAL_RTC_DST_Sub1Hour	16	static
../Drivers/STM32F3xx_HAL_Driver/Src/stm32f3xx_hal_rtc.c:1752:6:HAL_RTC_DST_SetStoreOperation	16	static
../Drivers/STM32F3xx_HAL_Driver/Src/stm32f3xx_hal_rtc.c:1765:6:HAL_RTC_DST_ClearStoreOperation	16	static
../Drivers/STM32F3xx_HAL_Driver/Src/stm32f3xx_hal_rtc.c:1777:10:HAL_RTC_DST_ReadStoreOperation	16	static
../Drivers/STM32F3xx_HAL_Driver/Src/stm32f3xx_hal_rtc.c:1806:21:HAL_RTC_GetState	16	static
../Drivers/STM32F3xx_HAL_Driver/Src/stm32f3xx_hal_rtc.c:1832:19:RTC_EnterInitMode	24	static
../Drivers/STM32F3xx_HAL_Driver/Src/stm32f3xx_hal_rtc.c:1867:19:RTC_ExitInitMode	24	static
../Drivers/STM32F3xx_HAL_Driver/Src/stm32f3xx_hal_rtc.c:1893:9:RTC_ByteToBcd2	24	static
../Drivers/STM32F3xx_HAL_Driver/Src/stm32f3xx_hal_rtc.c:1911:9:RTC_Bcd2ToByte	24	static
