09:35:47 **** Build of configuration Debug for project 013_MPU6050_3D_Model ****
make -j4 all 
arm-none-eabi-gcc "../Core/Src/main.c" -mcpu=cortex-m4 -std=gnu11 -g3 -DDEBUG -DUSE_HAL_DRIVER -DSTM32F303xC -c -I../Core/Inc -I../Drivers/STM32F3xx_HAL_Driver/Inc -I../Drivers/STM32F3xx_HAL_Driver/Inc/Legacy -I../Drivers/CMSIS/Device/ST/STM32F3xx/Include -I../Drivers/CMSIS/Include -O0 -ffunction-sections -fdata-sections -Wall -fstack-usage -fcyclomatic-complexity -MMD -MP -MF"Core/Src/main.d" -MT"Core/Src/main.o" --specs=nano.specs -mfpu=fpv4-sp-d16 -mfloat-abi=hard -mthumb -o "Core/Src/main.o"
arm-none-eabi-gcc -o "013_MPU6050_3D_Model.elf" @"objects.list"   -mcpu=cortex-m4 -T"C:\Users\shrey\STM32CubeIDE\nano-board-lcd-sw\Examples\013_MPU6050_3D_Model\STM32F303CCTX_FLASH.ld" --specs=nosys.specs -Wl,-Map="013_MPU6050_3D_Model.map" -Wl,--gc-sections -static --specs=nano.specs -mfpu=fpv4-sp-d16 -mfloat-abi=hard -mthumb -u _printf_float -u _scanf_float -Wl,--start-group -lc -lm -Wl,--end-group
Finished building target: 013_MPU6050_3D_Model.elf
 
arm-none-eabi-size  013_MPU6050_3D_Model.elf 
arm-none-eabi-objdump -h -S 013_MPU6050_3D_Model.elf  > "013_MPU6050_3D_Model.list"
   text	   data	    bss	    dec	    hex	filename
  46052	    632	   2368	  49052	   bf9c	013_MPU6050_3D_Model.elf
Finished building: default.size.stdout
 
Finished building: 013_MPU6050_3D_Model.list
 

09:35:53 Build Finished. 0 errors, 0 warnings. (took 6s.536ms)

