16:34:53 **** Incremental Build of configuration Debug for project 015_Nano_LCD_TP ****
make -j4 all 
arm-none-eabi-gcc "../Core/Src/main.c" -mcpu=cortex-m4 -std=gnu11 -g3 -DDEBUG -DUSE_HAL_DRIVER -DSTM32F303xC -c -I../Core/Inc -I../Drivers/STM32F3xx_HAL_Driver/Inc/Legacy -I../Drivers/STM32F3xx_HAL_Driver/Inc -I../Drivers/CMSIS/Device/ST/STM32F3xx/Include -I../Drivers/CMSIS/Include -O0 -ffunction-sections -fdata-sections -Wall -fstack-usage -fcyclomatic-complexity -MMD -MP -MF"Core/Src/main.d" -MT"Core/Src/main.o" --specs=nano.specs -mfpu=fpv4-sp-d16 -mfloat-abi=hard -mthumb -o "Core/Src/main.o"
arm-none-eabi-gcc -o "015_Nano_LCD_TP.elf" @"objects.list"   -mcpu=cortex-m4 -T"C:\Users\shrey\STM32CubeIDE\fastbit-stm32-nano-board\Examples\015_Nano_LCD_TP\STM32F303CCTX_FLASH.ld" --specs=nosys.specs -Wl,-Map="015_Nano_LCD_TP.map" -Wl,--gc-sections -static --specs=nano.specs -mfpu=fpv4-sp-d16 -mfloat-abi=hard -mthumb -Wl,--start-group -lc -lm -Wl,--end-group
Finished building target: 015_Nano_LCD_TP.elf
 
arm-none-eabi-size  015_Nano_LCD_TP.elf 
arm-none-eabi-objdump -h -S 015_Nano_LCD_TP.elf  > "015_Nano_LCD_TP.list"
   text	   data	    bss	    dec	    hex	filename
 142312	    112	   3032	 145456	  23830	015_Nano_LCD_TP.elf
Finished building: default.size.stdout
 
Finished building: 015_Nano_LCD_TP.list
 
16:35:00 **** Incremental Build of configuration Debug for project 015_Nano_LCD_TP ****
make -j4 all 
arm-none-eabi-size  015_Nano_LCD_TP.elf 
   text	   data	    bss	    dec	    hex	filename
 142312	    112	   3032	 145456	  23830	015_Nano_LCD_TP.elf
Finished building: default.size.stdout
 
