18:14:20 **** Incremental Build of configuration Debug for project SD_card ****
make -j4 all 
arm-none-eabi-gcc "../Core/Src/main.c" -mcpu=cortex-m4 -std=gnu11 -g3 -DDEBUG -DUSE_HAL_DRIVER -DSTM32F303xC -c -I../FATFS/Target -I../FATFS/App -I../Core/Inc -I../Drivers/STM32F3xx_HAL_Driver/Inc/Legacy -I../Drivers/STM32F3xx_HAL_Driver/Inc -I../Middlewares/Third_Party/FatFs/src -I../Drivers/CMSIS/Device/ST/STM32F3xx/Include -I../Drivers/CMSIS/Include -O0 -ffunction-sections -fdata-sections -Wall -fstack-usage -fcyclomatic-complexity -MMD -MP -MF"Core/Src/main.d" -MT"Core/Src/main.o" --specs=nano.specs -mfpu=fpv4-sp-d16 -mfloat-abi=hard -mthumb -o "Core/Src/main.o"
../Core/Src/main.c: In function 'process_SD_card':
../Core/Src/main.c:363:11: warning: 'strncpy' output truncated before terminating nul copying 19 bytes from a string of the same length [-Wstringop-truncation]
  363 |           strncpy((char*)readBuf, "a new file is made!", 19);
      |           ^~~~~~~~~~~~~~~~~~~~~~~~~~~~~~~~~~~~~~~~~~~~~~~~~~
arm-none-eabi-gcc -o "SD_card.elf" @"objects.list"   -mcpu=cortex-m4 -T"C:\Users\shrey\STM32CubeIDE\nano-board-lcd-sw\Examples\SD_card\STM32F303CCTX_FLASH.ld" --specs=nosys.specs -Wl,-Map="SD_card.map" -Wl,--gc-sections -static --specs=nano.specs -mfpu=fpv4-sp-d16 -mfloat-abi=hard -mthumb -Wl,--start-group -lc -lm -Wl,--end-group
Finished building target: SD_card.elf
 
arm-none-eabi-size  SD_card.elf 
arm-none-eabi-objdump -h -S SD_card.elf  > "SD_card.list"
   text	   data	    bss	    dec	    hex	filename
  33288	    116	   2460	  35864	   8c18	SD_card.elf
Finished building: default.size.stdout
 
Finished building: SD_card.list
 

18:14:22 Build Finished. 0 errors, 1 warnings. (took 2s.637ms)

