../Core/Src/main.c:83:13:Player_ctor	24	static
../Core/Src/main.c:89:13:Obstacle_ctor	24	static
../Core/Src/main.c:99:5:main	32	static
../Core/Src/main.c:172:6:SystemClock_Config	128	static
../Core/Src/main.c:220:13:MX_I2C1_Init	8	static
../Core/Src/main.c:272:13:MX_SPI1_Init	8	static
../Core/Src/main.c:312:13:MX_GPIO_Init	40	static
../Core/Src/main.c:349:6:nano_lcd_Init	16	static
../Core/Src/main.c:374:6:tick	24	static
../Core/Src/main.c:438:6:is_Collide	48	static
../Core/Src/main.c:464:6:Error_Handler	4	static,ignoring_inline_asm
